// Jest Snapshot v1, https://goo.gl/fbAQLP

exports[`Footer renders a Footer 1`] = `
.c12 {
  display: inline-block;
}

.c12 .mantine-TextInput-label {
  font-family: 'PT Mono',monospace;
  color: #E2E2EE;
  font-weight: 700;
  font-size: 0.6875rem;
  text-transform: uppercase;
  -webkit-letter-spacing: 0.075rem;
  -moz-letter-spacing: 0.075rem;
  -ms-letter-spacing: 0.075rem;
  letter-spacing: 0.075rem;
  line-height: 1.125rem;
  margin-bottom: 0.6875rem;
}

.c12 .mantine-TextInput-input {
  border-radius: 0.375rem;
  font-family: 'PT Mono',monospace;
  font-weight: 400;
  font-size: 0.875rem;
  color: white;
  background-color: #1E1F2E;
  -webkit-transition: 150ms background-color ease;
  transition: 150ms background-color ease;
  -webkit-letter-spacing: 0.0125rem;
  -moz-letter-spacing: 0.0125rem;
  -ms-letter-spacing: 0.0125rem;
  letter-spacing: 0.0125rem;
  border: 0.0625rem solid transparent;
}

.c12 .mantine-TextInput-input:hover:not(:disabled):not(:focus) {
  background-color: #292B3D;
}

.c12 .mantine-TextInput-input:focus {
  background-color: #1E1F2E;
  border: 0.0625rem solid #393A51 !important;
}

.c12 .mantine-TextInput-input::-webkit-input-placeholder {
  color: #393A51;
}

.c12 .mantine-TextInput-input::-moz-placeholder {
  color: #393A51;
}

.c12 .mantine-TextInput-input:-ms-input-placeholder {
  color: #393A51;
}

.c12 .mantine-TextInput-input::placeholder {
  color: #393A51;
}

.c12 .mantine-TextInput-input.mantine-TextInput-invalid {
  color: #F77070;
}

.c12 .mantine-TextInput-error {
  font-family: 'PT Mono',monospace;
  font-size: 0.625rem;
  -webkit-letter-spacing: 1.2px;
  -moz-letter-spacing: 1.2px;
  -ms-letter-spacing: 1.2px;
  letter-spacing: 1.2px;
  padding-left: 1rem;
  color: #F77070 !important;
}

.c0 {
  display: -webkit-box;
  display: -webkit-flex;
  display: -ms-flexbox;
  display: flex;
  -webkit-flex-direction: column;
  -ms-flex-direction: column;
  flex-direction: column;
  padding: 0 2.8125rem;
}

.c1 {
  display: -webkit-box;
  display: -webkit-flex;
  display: -ms-flexbox;
  display: flex;
  -webkit-flex-direction: row;
  -ms-flex-direction: row;
  flex-direction: row;
  -webkit-box-pack: space-evenly;
  -webkit-justify-content: space-evenly;
  -ms-flex-pack: space-evenly;
  justify-content: space-evenly;
  -webkit-flex-wrap: wrap;
  -ms-flex-wrap: wrap;
  flex-wrap: wrap;
  gap: 1.25rem;
  font-family: PT Mono;
  font-style: normal;
  font-weight: normal;
  font-size: 0.75rem;
  line-height: 1.0625rem;
  -webkit-letter-spacing: 0.03125rem;
  -moz-letter-spacing: 0.03125rem;
  -ms-letter-spacing: 0.03125rem;
  letter-spacing: 0.03125rem;
  color: #838495;
  padding: 2rem 0;
}

.c3 {
  -webkit-text-decoration: none;
  text-decoration: none;
  display: -webkit-box;
  display: -webkit-flex;
  display: -ms-flexbox;
  display: flex;
  -webkit-align-items: center;
  -webkit-box-align: center;
  -ms-flex-align: center;
  align-items: center;
}

.c5 {
  font-family: PT Mono;
  font-style: normal;
  font-weight: normal;
  font-weight: 400;
  font-size: 0.8125rem;
  line-height: 1rem;
  -webkit-letter-spacing: -0.00625rem;
  -moz-letter-spacing: -0.00625rem;
  -ms-letter-spacing: -0.00625rem;
  letter-spacing: -0.00625rem;
}

.c2 {
  display: -webkit-inline-box;
  display: -webkit-inline-flex;
  display: -ms-inline-flexbox;
  display: inline-flex;
  -webkit-flex-direction: column;
  -ms-flex-direction: column;
  flex-direction: column;
  -webkit-align-items: flex-start;
  -webkit-box-align: flex-start;
  -ms-flex-align: flex-start;
  align-items: flex-start;
  max-width: 21.25rem;
}

.c6 {
  display: -webkit-box;
  display: -webkit-flex;
  display: -ms-flexbox;
  display: flex;
  -webkit-flex-direction: row;
  -ms-flex-direction: row;
  flex-direction: row;
}

.c11 {
  display: -webkit-box;
  display: -webkit-flex;
  display: -ms-flexbox;
  display: flex;
  -webkit-flex-direction: column;
  -ms-flex-direction: column;
  flex-direction: column;
}

.c7 {
  display: -webkit-box;
  display: -webkit-flex;
  display: -ms-flexbox;
  display: flex;
  -webkit-flex-direction: column;
  -ms-flex-direction: column;
  flex-direction: column;
  -webkit-align-items: flex-start;
  -webkit-box-align: flex-start;
  -ms-flex-align: flex-start;
  align-items: flex-start;
}

.c7:not(:last-child) {
  margin-right: 4.5rem;
}

.c7 > *:not(:first-child) {
  margin-top: 0.875rem;
}

.c8 {
  font-family: 'PT Mono';
  font-style: normal;
  font-weight: 700;
  font-size: 0.6875rem;
  line-height: 1.125rem;
  -webkit-letter-spacing: 0.075rem;
  -moz-letter-spacing: 0.075rem;
  -ms-letter-spacing: 0.075rem;
  letter-spacing: 0.075rem;
  text-transform: uppercase;
  color: #E2E2EE;
}

.c9 {
  font-size: 0.8125rem;
  font-weight: 700;
  -webkit-letter-spacing: 0.03125rem;
  -moz-letter-spacing: 0.03125rem;
  -ms-letter-spacing: 0.03125rem;
  letter-spacing: 0.03125rem;
  color: #838495;
  -webkit-transition: 150ms color ease;
  transition: 150ms color ease;
}

.c9 > * {
  color: #838495;
  -webkit-transition: 150ms color ease;
  transition: 150ms color ease;
}

.c9:hover:not([disabled]) {
  color: #5596F6;
  cursor: pointer;
}

.c9:hover:not([disabled]) > * {
  color: #5596F6;
}

.c9:active:not([disabled]) {
  color: #1761CF;
}

.c9:active:not([disabled]) > * {
  color: #1761CF;
}

.c9[disabled] {
  color: #393A51;
}

.c9[disabled] > * {
  color: #393A51;
}

.c10 {
  font-size: 0.8125rem;
  font-weight: 700;
  -webkit-letter-spacing: 0.03125rem;
  -moz-letter-spacing: 0.03125rem;
  -ms-letter-spacing: 0.03125rem;
  letter-spacing: 0.03125rem;
  color: #838495;
  -webkit-transition: 150ms color ease;
  transition: 150ms color ease;
  display: -webkit-box;
  display: -webkit-flex;
  display: -ms-flexbox;
  display: flex;
  -webkit-flex-direction: row;
  -ms-flex-direction: row;
  flex-direction: row;
  -webkit-align-items: center;
  -webkit-box-align: center;
  -ms-flex-align: center;
  align-items: center;
}

.c10 > * {
  color: #838495;
  -webkit-transition: 150ms color ease;
  transition: 150ms color ease;
}

.c10:hover:not([disabled]) {
  color: #5596F6;
  cursor: pointer;
}

.c10:hover:not([disabled]) > * {
  color: #5596F6;
}

.c10:active:not([disabled]) {
  color: #1761CF;
}

.c10:active:not([disabled]) > * {
  color: #1761CF;
}

.c10[disabled] {
  color: #393A51;
}

.c10[disabled] > * {
  color: #393A51;
}

.c4 {
  margin-right: 0.5rem;
}

.c4 path {
  fill: #838495;
}

@media (max-width:75rem) {
  .c2 {
    width: 21.25rem;
  }
}

@media (max-width:56.25rem) {
  .c2 {
    width: 100%;
    margin-bottom: 1.25rem;
  }
}

@media (max-width:37.5rem) {
  .c2 {
    width: 21.25rem;
    -webkit-order: 1;
    -ms-flex-order: 1;
    order: 1;
  }
}

@media (max-width:75rem) {
  .c6 {
    margin-bottom: 1.25rem;
  }
}

@media (max-width:56.25rem) {
  .c6 {
    margin-bottom: 1.25rem;
    width: 17.5rem;
    -webkit-box-pack: justify;
    -webkit-justify-content: space-between;
    -ms-flex-pack: justify;
    justify-content: space-between;
  }
}

@media (max-width:37.5rem) {
  .c6 {
    width: 21.25rem;
    -webkit-order: 3;
    -ms-flex-order: 3;
    order: 3;
  }
}

@media (max-width:75rem) {
  .c11 {
    width: 21.25rem;
    margin-bottom: 1.25rem;
    -webkit-order: 1;
    -ms-flex-order: 1;
    order: 1;
  }
}

@media (max-width:56.25rem) {
  .c11 {
    width: 21.25rem;
    margin-bottom: 1.25rem;
  }
}

@media (max-width:37.5rem) {
  .c11 {
    margin-bottom: 2.5rem;
  }
}

@media (max-width:75rem) {
  .c7:not(:last-child) {
    margin-right: 3rem;
  }
}

@media (max-width:56.25rem) {
  .c7:not(:last-child) {
    margin-right: 1.75rem;
  }
}

.emotion-2 {
  border: 0;
  border-top-width: 1px;
  border-top-color: #ced4da;
  border-top-style: solid;
  margin: 0;
}

.emotion-5 {
  font-family: -apple-system,BlinkMacSystemFont,Segoe UI,Roboto,Helvetica,Arial,sans-serif,Apple Color Emoji,Segoe UI Emoji;
  -webkit-tap-highlight-color: transparent;
  color: inherit;
  font-size: inherit;
  line-height: 1.55;
  -webkit-text-decoration: none;
  text-decoration: none;
}

.emotion-5:focus {
  outline-offset: 2px;
  outline: 2px solid #339af0;
}

.emotion-5:focus:not(:focus-visible) {
  outline: none;
}

.emotion-11 {
  font-family: -apple-system,BlinkMacSystemFont,Segoe UI,Roboto,Helvetica,Arial,sans-serif,Apple Color Emoji,Segoe UI Emoji;
  line-height: 1.55;
}

.emotion-14 {
  position: relative;
}

.emotion-17 {
  font-family: -apple-system,BlinkMacSystemFont,Segoe UI,Roboto,Helvetica,Arial,sans-serif,Apple Color Emoji,Segoe UI Emoji;
  height: 36px;
  -webkit-tap-highlight-color: transparent;
  line-height: 34px;
  -webkit-appearance: none;
  -moz-appearance: none;
  -ms-appearance: none;
  appearance: none;
  resize: none;
  box-sizing: border-box;
  font-size: 14px;
  width: 100%;
  color: #000;
  display: block;
  text-align: left;
  min-height: 36px;
  padding-left: 12px;
  padding-right: 12px;
  border-radius: 4px;
  border: 1px solid #ced4da;
  background-color: #fff;
  -webkit-transition: border-color 100ms ease;
  transition: border-color 100ms ease;
}

.emotion-17:disabled {
  background-color: #f1f3f5;
  color: #909296;
  opacity: 0.6;
  cursor: not-allowed;
}

.emotion-17:disabled::-webkit-input-placeholder {
  color: #909296;
}

.emotion-17:disabled::-moz-placeholder {
  color: #909296;
}

.emotion-17:disabled:-ms-input-placeholder {
  color: #909296;
}

.emotion-17:disabled::placeholder {
  color: #909296;
}

.emotion-17::-webkit-input-placeholder {
  opacity: 1;
  -webkit-user-select: none;
  -moz-user-select: none;
  -ms-user-select: none;
  user-select: none;
  color: #adb5bd;
}

.emotion-17::-moz-placeholder {
  opacity: 1;
  -webkit-user-select: none;
  -moz-user-select: none;
  -ms-user-select: none;
  user-select: none;
  color: #adb5bd;
}

.emotion-17:-ms-input-placeholder {
  opacity: 1;
  -webkit-user-select: none;
  -moz-user-select: none;
  -ms-user-select: none;
  user-select: none;
  color: #adb5bd;
}

.emotion-17::placeholder {
  opacity: 1;
  -webkit-user-select: none;
  -moz-user-select: none;
  -ms-user-select: none;
  user-select: none;
  color: #adb5bd;
}

.emotion-17::-webkit-inner-spin-button,
.emotion-17::-webkit-outer-spin-button,
.emotion-17::-webkit-search-decoration,
.emotion-17::-webkit-search-cancel-button,
.emotion-17::-webkit-search-results-button,
.emotion-17::-webkit-search-results-decoration {
  -webkit-appearance: none;
  -moz-appearance: none;
  -ms-appearance: none;
  appearance: none;
}

.emotion-17[type=number] {
  -moz-appearance: textfield;
}

.emotion-17:focus,
.emotion-17:focus-within {
  outline: none;
  border-color: #228be6;
}

.emotion-20 {
  -webkit-tap-highlight-color: transparent;
  font-family: -apple-system,BlinkMacSystemFont,Segoe UI,Roboto,Helvetica,Arial,sans-serif,Apple Color Emoji,Segoe UI Emoji;
  cursor: pointer;
  border: 0;
  padding: 0;
  -webkit-appearance: none;
  -moz-appearance: none;
  -ms-appearance: none;
  appearance: none;
  font-size: 16px;
  background-color: transparent;
  text-align: left;
  color: #000;
  -webkit-text-decoration: none;
  text-decoration: none;
  box-sizing: border-box;
  height: 36px;
  padding-left: 18px;
  padding-right: 12px;
  font-family: -apple-system,BlinkMacSystemFont,Segoe UI,Roboto,Helvetica,Arial,sans-serif,Apple Color Emoji,Segoe UI Emoji;
  -webkit-tap-highlight-color: transparent;
  display: inline-block;
  width: auto;
  border-radius: 4px;
  font-weight: 600;
  position: relative;
  line-height: 1;
  font-size: 14px;
  -webkit-user-select: none;
  -moz-user-select: none;
  -ms-user-select: none;
  user-select: none;
  cursor: pointer;
  border: 1px solid transparent;
  background-color: #228be6;
  color: #fff;
}

.emotion-20:focus {
  outline-offset: 2px;
  outline: 2px solid #339af0;
}

.emotion-20:focus:not(:focus-visible) {
  outline: none;
}

.emotion-20:focus {
  outline-offset: 2px;
  outline: 2px solid #339af0;
}

.emotion-20:focus:not(:focus-visible) {
  outline: none;
}

@media (hover: hover) {
  .emotion-20:hover {
    background-color: #1c7ed6;
  }
}

@media (hover: none) {
  .emotion-20:active {
    background-color: #1c7ed6;
  }
}

.emotion-20:active {
  -webkit-transform: translateY(1px);
  -moz-transform: translateY(1px);
  -ms-transform: translateY(1px);
  transform: translateY(1px);
}

.emotion-20:disabled,
.emotion-20[data-disabled] {
  border-color: transparent;
  background-color: #e9ecef;
  color: #adb5bd;
  cursor: not-allowed;
  background-image: none;
  pointer-events: none;
}

.emotion-20:disabled:active,
.emotion-20[data-disabled]:active {
  -webkit-transform: none;
  -moz-transform: none;
  -ms-transform: none;
  transform: none;
}

.emotion-20[data-loading] {
  pointer-events: none;
}

.emotion-20[data-loading]::before {
  content: "";
  position: absolute;
  top: -1px;
  left: -1px;
  right: -1px;
  bottom: -1px;
  background-color: rgba(255, 255, 255, .5);
  border-radius: 4px;
  cursor: not-allowed;
}

.emotion-21 {
  display: -webkit-box;
  display: -webkit-flex;
  display: -ms-flexbox;
  display: flex;
  -webkit-align-items: center;
  -webkit-box-align: center;
  -ms-flex-align: center;
  align-items: center;
  -webkit-box-pack: center;
  -ms-flex-pack: center;
  -webkit-justify-content: center;
  justify-content: center;
  height: 100%;
  overflow: visible;
}

.emotion-23 {
  white-space: nowrap;
  height: 100%;
  overflow: hidden;
  display: -webkit-box;
  display: -webkit-flex;
  display: -ms-flexbox;
  display: flex;
  -webkit-align-items: center;
  -webkit-box-align: center;
  -ms-flex-align: center;
  align-items: center;
}

.emotion-27 {
  display: -webkit-box;
  display: -webkit-flex;
  display: -ms-flexbox;
  display: flex;
  -webkit-align-items: center;
  -webkit-box-align: center;
  -ms-flex-align: center;
  align-items: center;
  margin-left: 10px;
  margin-left: 0;
}

<div
  class="c0"
  id="contact"
>
  <div
    class="emotion-0 emotion-1 emotion-2"
    role="separator"
    style="border-top-color: #292B3D;"
  />
  <div
    class="c1"
  >
    <div
      class="c2 emotion-3"
    >
      <a
        class="c3"
        href="https://gitpoap.io"
        rel="noopener noreferrer"
        target="_blank"
      >
        <svg
          class="1 c4"
          fill="none"
          height="30"
          width="116"
          xmlns="http://www.w3.org/2000/svg"
        >
          <path
            clip-rule="evenodd"
            d="m20.993 19.666 2.986 5.456c.31.515 0 .875-.721.875l-2.625.103c-.566 0-1.288.515-1.493.978l-1.39 2.575a.555.555 0 0 1-1.03 0s-1.853-3.398-2.985-5.612c.292-.083.516-.2.7-.297l.123-.064 6.435-4.014Zm-20.9 5.456 2.985-5.457 6.383 4.015c.096.039.185.084.277.131.155.08.32.165.547.23C9.153 26.255 7.3 29.653 7.3 29.653a.555.555 0 0 1-1.03 0l-1.39-2.575c-.206-.515-.927-.978-1.494-.978l-2.625-.103c-.772 0-.874-.412-.669-.875Zm22.599-10.245c0 1.442-.876 2.935-2.162 3.656l-6.332 3.501a4.956 4.956 0 0 1-2.163.515c-.72 0-1.493-.104-2.162-.515l-6.332-3.552c-1.287-.72-2.162-2.214-2.162-3.655V7.722c0-1.44.875-2.934 2.162-3.655L9.873.514A4.963 4.963 0 0 1 12.035 0c.721 0 1.39.103 2.163.514l6.332 3.553c1.39.72 2.162 2.11 2.162 3.654v7.156ZM10.439 19.1c.515.308 1.03.36 1.595.36.567 0 1.133-.103 1.596-.36l4.582-2.574c.978-.566 1.596-1.596 1.596-2.677V8.7c0-1.184-.566-2.162-1.596-2.677L13.63 3.449c-.566-.31-1.03-.36-1.596-.36-.566 0-1.132.155-1.595.36L5.857 6.023C4.878 6.589 4.26 7.619 4.26 8.7v5.148c0 1.08.669 2.162 1.596 2.677l4.582 2.574ZM9.53 9.05a.644.644 0 0 0-1.104-.44l-1.852 1.905a.644.644 0 0 0-.005.892l1.852 1.956a.643.643 0 0 0 .934-.886l-1.428-1.507L9.35 9.508a.644.644 0 0 0 .182-.457Zm5.387-.585a.642.642 0 0 0-.208 1.05l1.454 1.455-1.46 1.5a.643.643 0 0 0 .921.9l1.903-1.957a.643.643 0 0 0-.005-.904l-1.904-1.905a.643.643 0 0 0-.7-.14Zm-1.36.084a.642.642 0 0 0-1.047.217l-1.647 4.067a.643.643 0 0 0 1.193.483l1.646-4.066a.644.644 0 0 0-.145-.7ZM51.976 5.57c-.752.117-1.21.642-1.21 1.382-.002.532.203.962.683 1.206a2.007 2.007 0 0 0 1.69.07 1.237 1.237 0 0 0 .836-1.083c.062-.565-.108-1.051-.619-1.36-.426-.257-.903-.29-1.38-.215Zm29.393 7.235c.003.357.006.715.006 1.072h-.04c.008.401.011.803.014 1.205.007.91.014 1.822.09 2.727.119 1.397.863 2.445 2.147 3.048 1.236.58 2.534.611 3.838.282.843-.214 1.574-.65 2.115-1.356a4.11 4.11 0 0 0 .848-2.553c.004-1.373.002-2.746.001-4.119v-2.063a9.844 9.844 0 0 0-.048-.993c-.157-1.503-1.069-2.773-2.573-3.297a5.769 5.769 0 0 0-3.283-.147c-1.928.457-3.035 1.88-3.1 3.788-.029.8-.022 1.603-.015 2.405Zm2.439 1.072h.018v-.003c0-.347-.002-.693-.004-1.04-.004-.8-.009-1.599.01-2.396.017-.665.28-1.236.9-1.578.66-.365 2.033-.354 2.623.238.391.393.527.873.57 1.399.008.105.008.211.008.318v6.162c.001.407-.037.809-.21 1.182-.305.658-.861.956-1.55.998a3.54 3.54 0 0 1-1.062-.088c-.716-.18-1.104-.695-1.238-1.401a4.517 4.517 0 0 1-.065-.81c-.004-.662-.003-1.325-.001-1.987v-.994Zm-40.71-3.16h2.453a1.45 1.45 0 0 0 .012-.156 22.796 22.796 0 0 1-.007-.116v-.001c-.008-.126-.016-.252-.03-.377-.132-1.057-.583-1.943-1.415-2.62a4.353 4.353 0 0 0-2.26-.934c-1.102-.136-2.178-.056-3.199.421a3.732 3.732 0 0 0-1.956 2.04c-.257.626-.319 1.281-.319 1.946a818.245 818.245 0 0 0 0 5.605c-.006.417.014.834.06 1.249.185 1.435.923 2.488 2.248 3.092 1.207.55 2.472.591 3.744.298a3.937 3.937 0 0 0 2.265-1.411c.598-.759.862-1.644.866-2.606V13.63c0-.04-.004-.081-.008-.122a2.86 2.86 0 0 1-.005-.05h-4.905v2.125h2.417c0 .201.004.4.007.6.007.448.014.89-.016 1.328-.045.648-.384 1.151-.97 1.45-.446.23-.933.26-1.43.218-1.052-.088-1.78-.828-1.802-1.881-.022-1-.022-2-.022-3.001v-.537c0-1.1 0-2.2.025-3.299.016-.726.343-1.299 1.015-1.629.447-.218.931-.25 1.416-.207.942.085 1.626.637 1.755 1.562.016.114.028.228.04.343l.02.188Zm59.78 10.42h-2.505l-.239-1.01-.084-.376h-.001v-.002c-.148-.654-.295-1.309-.437-1.964-.03-.138-.09-.177-.228-.177a355.22 355.22 0 0 1-3.516 0c-.143 0-.19.048-.22.181-.179.813-.362 1.62-.547 2.434l-.206.906h-2.503c.053-.203.103-.404.152-.606l.075-.303 3.377-13.407L96 6.79c.02-.08.036-.149.16-.149.669.004 1.337.003 2.014.002l1.033-.002 3.67 14.495Zm-6.157-8.094-.002.006-.565 2.558h2.951l-.932-4.27-.535-2.445-.9 4.07-.009.042-.008.04ZM70.067 6.645h-.204v14.48h2.455V15.57l.755.002c.495.001.983.003 1.47-.002.705-.008 1.401-.071 2.068-.318 1.34-.49 2.244-1.403 2.66-2.783.216-.74.254-1.52.11-2.277-.211-1.205-.821-2.15-1.863-2.8-.902-.562-1.901-.747-2.942-.747h-4.51Zm2.255 6.678v-4.46l.584-.002c.47-.002.933-.003 1.396.004.323-.002.646.023.965.075.963.181 1.6.891 1.684 1.87.06.694-.06 1.34-.566 1.874-.355.374-.795.605-1.29.628-.647.028-1.296.022-1.95.016a89.497 89.497 0 0 0-.823-.005Zm35.591 2.256v5.552h-2.44V6.645h4.697c1.034.004 2.027.18 2.924.731 1.06.652 1.679 1.605 1.89 2.824.159.918.103 1.82-.254 2.69a4.065 4.065 0 0 1-2.03 2.164c-.795.397-1.647.51-2.52.52-.451.004-.902.002-1.352.001h-.001l-.674-.001-.24.005Zm.005-2.235a.684.684 0 0 0 .098.015l.699.003c.535.003 1.07.005 1.607-.007.636-.015 1.221-.189 1.68-.676.493-.524.61-1.156.561-1.839-.079-1.067-.884-1.888-1.952-1.938-.605-.03-1.213-.03-1.82-.03-.253 0-.505-.001-.758-.003a.493.493 0 0 0-.112.025l-.003 4.45ZM62.69 10.221V7.164a3.503 3.503 0 0 1-.106-.008 1.486 1.486 0 0 0-.099-.006l-.682.002c-.455.003-.91.005-1.364-.002-.174-.003-.224.046-.224.222.003.578.002 1.157 0 1.736v.868c0 .055-.007.11-.014.168a3.86 3.86 0 0 0-.009.086h-2.925v2.212h2.95v.275l-.002 1.606v.004c-.002 1.073-.003 2.147.001 3.22-.004.344.016.687.062 1.028.13.864.525 1.574 1.28 2.052.627.397 1.328.505 2.05.512.636.005 1.272.003 1.908.002l.954-.002h.196l.006-.072c.004-.044.008-.08.008-.114v-.758c-.001-.357-.002-.714.003-1.07.004-.175-.06-.206-.22-.206-.88.008-1.76.013-2.642 0a1.65 1.65 0 0 1-.659-.114c-.39-.184-.477-.557-.477-.954v-5.208c0-.038.003-.077.007-.122a4.72 4.72 0 0 0 .007-.076h.238c.416 0 .832 0 1.247-.002.83 0 1.66-.002 2.49.002.157 0 .204-.043.204-.202v-1.829c0-.035-.004-.07-.01-.111a2.56 2.56 0 0 1-.008-.082h-4.17Zm-8.947 8.667h3.364v2.24h-9.512v-2.226h3.783v-6.456h-3.29v-2.21h5.653l.002 8.652Z"
            fill="#fff"
            fill-rule="evenodd"
          />
        </svg>
      </a>
      <div
        class="emotion-4 c5 emotion-5"
        style="margin-top: 1.25rem;"
      >
        We're memorializing software contributions as GitPOAPs to help usher in new era of #web3
      </div>
    </div>
    <div
      class="c6 emotion-3"
    >
      <div
        class="c7"
      >
        <div
          class="c8"
        >
          Explore
        </div>
        <a
          class="c9"
          href="/"
        >
          Home
        </a>
        <a
          class="c9"
          href="/repos"
        >
          Repos
        </a>
        <a
          class="c9"
          href="/orgs"
        >
          Orgs
        </a>
      </div>
      <div
        class="c7"
      >
        <div
          class="c8"
        >
          Community
        </div>
        <a
          class="0 c10"
          href="https://medium.com/gitpoap"
          rel="noopener noreferrer"
          target="_blank"
        >
          <svg
            fill="currentColor"
            height="1em"
            stroke="currentColor"
            stroke-width="0"
            style="margin-right: 0.4375rem;"
            viewBox="0 0 448 512"
            width="1em"
            xmlns="http://www.w3.org/2000/svg"
          >
            <path
              d="M0 32v448h448V32H0zm372.2 106.1l-24 23c-2.1 1.6-3.1 4.2-2.7 6.7v169.3c-.4 2.6.6 5.2 2.7 6.7l23.5 23v5.1h-118V367l24.3-23.6c2.4-2.4 2.4-3.1 2.4-6.7V199.8l-67.6 171.6h-9.1L125 199.8v115c-.7 4.8 1 9.7 4.4 13.2l31.6 38.3v5.1H71.2v-5.1l31.6-38.3c3.4-3.5 4.9-8.4 4.1-13.2v-133c.4-3.7-1-7.3-3.8-9.8L75 138.1V133h87.3l67.4 148L289 133.1h83.2v5z"
            />
          </svg>
          Medium
        </a>
        <a
          class="0 c10"
          href="https://twitter.com/gitpoap"
          rel="noopener noreferrer"
          target="_blank"
        >
          <svg
            fill="currentColor"
            height="1em"
            stroke="currentColor"
            stroke-width="0"
            style="margin-right: 0.4375rem;"
            viewBox="0 0 512 512"
            width="1em"
            xmlns="http://www.w3.org/2000/svg"
          >
            <path
              d="M459.37 151.716c.325 4.548.325 9.097.325 13.645 0 138.72-105.583 298.558-298.558 298.558-59.452 0-114.68-17.219-161.137-47.106 8.447.974 16.568 1.299 25.34 1.299 49.055 0 94.213-16.568 130.274-44.832-46.132-.975-84.792-31.188-98.112-72.772 6.498.974 12.995 1.624 19.818 1.624 9.421 0 18.843-1.3 27.614-3.573-48.081-9.747-84.143-51.98-84.143-102.985v-1.299c13.969 7.797 30.214 12.67 47.431 13.319-28.264-18.843-46.781-51.005-46.781-87.391 0-19.492 5.197-37.36 14.294-52.954 51.655 63.675 129.3 105.258 216.365 109.807-1.624-7.797-2.599-15.918-2.599-24.04 0-57.828 46.782-104.934 104.934-104.934 30.213 0 57.502 12.67 76.67 33.137 23.715-4.548 46.456-13.32 66.599-25.34-7.798 24.366-24.366 44.833-46.132 57.827 21.117-2.273 41.584-8.122 60.426-16.243-14.292 20.791-32.161 39.308-52.628 54.253z"
            />
          </svg>
          Twitter
        </a>
        <a
          class="0 c10"
          href="https://gitpoap.io/discord"
          rel="noopener noreferrer"
          target="_blank"
        >
          <svg
            fill="currentColor"
            height="1em"
            stroke="currentColor"
            stroke-width="0"
            style="margin-right: 0.4375rem;"
            viewBox="0 0 640 512"
            width="1em"
            xmlns="http://www.w3.org/2000/svg"
          >
            <path
              d="M524.531,69.836a1.5,1.5,0,0,0-.764-.7A485.065,485.065,0,0,0,404.081,32.03a1.816,1.816,0,0,0-1.923.91,337.461,337.461,0,0,0-14.9,30.6,447.848,447.848,0,0,0-134.426,0,309.541,309.541,0,0,0-15.135-30.6,1.89,1.89,0,0,0-1.924-.91A483.689,483.689,0,0,0,116.085,69.137a1.712,1.712,0,0,0-.788.676C39.068,183.651,18.186,294.69,28.43,404.354a2.016,2.016,0,0,0,.765,1.375A487.666,487.666,0,0,0,176.02,479.918a1.9,1.9,0,0,0,2.063-.676A348.2,348.2,0,0,0,208.12,430.4a1.86,1.86,0,0,0-1.019-2.588,321.173,321.173,0,0,1-45.868-21.853,1.885,1.885,0,0,1-.185-3.126c3.082-2.309,6.166-4.711,9.109-7.137a1.819,1.819,0,0,1,1.9-.256c96.229,43.917,200.41,43.917,295.5,0a1.812,1.812,0,0,1,1.924.233c2.944,2.426,6.027,4.851,9.132,7.16a1.884,1.884,0,0,1-.162,3.126,301.407,301.407,0,0,1-45.89,21.83,1.875,1.875,0,0,0-1,2.611,391.055,391.055,0,0,0,30.014,48.815,1.864,1.864,0,0,0,2.063.7A486.048,486.048,0,0,0,610.7,405.729a1.882,1.882,0,0,0,.765-1.352C623.729,277.594,590.933,167.465,524.531,69.836ZM222.491,337.58c-28.972,0-52.844-26.587-52.844-59.239S193.056,219.1,222.491,219.1c29.665,0,53.306,26.82,52.843,59.239C275.334,310.993,251.924,337.58,222.491,337.58Zm195.38,0c-28.971,0-52.843-26.587-52.843-59.239S388.437,219.1,417.871,219.1c29.667,0,53.307,26.82,52.844,59.239C470.715,310.993,447.538,337.58,417.871,337.58Z"
            />
          </svg>
          Discord
        </a>
        <a
          class="0 c10"
          href="https://github.com/gitpoap"
          rel="noopener noreferrer"
          target="_blank"
        >
          <svg
            fill="currentColor"
            height="1em"
            stroke="currentColor"
            stroke-width="0"
            style="margin-right: 0.4375rem;"
            viewBox="0 0 496 512"
            width="1em"
            xmlns="http://www.w3.org/2000/svg"
          >
            <path
              d="M165.9 397.4c0 2-2.3 3.6-5.2 3.6-3.3.3-5.6-1.3-5.6-3.6 0-2 2.3-3.6 5.2-3.6 3-.3 5.6 1.3 5.6 3.6zm-31.1-4.5c-.7 2 1.3 4.3 4.3 4.9 2.6 1 5.6 0 6.2-2s-1.3-4.3-4.3-5.2c-2.6-.7-5.5.3-6.2 2.3zm44.2-1.7c-2.9.7-4.9 2.6-4.6 4.9.3 2 2.9 3.3 5.9 2.6 2.9-.7 4.9-2.6 4.6-4.6-.3-1.9-3-3.2-5.9-2.9zM244.8 8C106.1 8 0 113.3 0 252c0 110.9 69.8 205.8 169.5 239.2 12.8 2.3 17.3-5.6 17.3-12.1 0-6.2-.3-40.4-.3-61.4 0 0-70 15-84.7-29.8 0 0-11.4-29.1-27.8-36.6 0 0-22.9-15.7 1.6-15.4 0 0 24.9 2 38.6 25.8 21.9 38.6 58.6 27.5 72.9 20.9 2.3-16 8.8-27.1 16-33.7-55.9-6.2-112.3-14.3-112.3-110.5 0-27.5 7.6-41.3 23.6-58.9-2.6-6.5-11.1-33.3 2.6-67.9 20.9-6.5 69 27 69 27 20-5.6 41.5-8.5 62.8-8.5s42.8 2.9 62.8 8.5c0 0 48.1-33.6 69-27 13.7 34.7 5.2 61.4 2.6 67.9 16 17.7 25.8 31.5 25.8 58.9 0 96.5-58.9 104.2-114.8 110.5 9.2 7.9 17 22.9 17 46.4 0 33.7-.3 75.4-.3 83.6 0 6.5 4.6 14.4 17.3 12.1C428.2 457.8 496 362.9 496 252 496 113.3 383.5 8 244.8 8zM97.2 352.9c-1.3 1-1 3.3.7 5.2 1.6 1.6 3.9 2.3 5.2 1 1.3-1 1-3.3-.7-5.2-1.6-1.6-3.9-2.3-5.2-1zm-10.8-8.1c-.7 1.3.3 2.9 2.3 3.9 1.6 1 3.6.7 4.3-.7.7-1.3-.3-2.9-2.3-3.9-2-.6-3.6-.3-4.3.7zm32.4 35.6c-1.6 1.3-1 4.3 1.3 6.2 2.3 2.3 5.2 2.6 6.5 1 1.3-1.3.7-4.3-1.3-6.2-2.2-2.3-5.2-2.6-6.5-1zm-11.4-14.7c-1.6 1-1.6 3.6 0 5.9 1.6 2.3 4.3 3.3 5.6 2.3 1.6-1.3 1.6-3.9 0-6.2-1.4-2.3-4-3.3-5.6-2z"
            />
          </svg>
          GitHub
        </a>
      </div>
      <div
        class="c7"
      >
        <div
          class="c8"
        >
          About
        </div>
        <a
          class="0 c10"
          href="https://docs.gitpoap.io"
          rel="noopener noreferrer"
          target="_blank"
        >
          Docs
        </a>
        <a
          class="0 c10"
          href="https://docs.gitpoap.io/about"
          rel="noopener noreferrer"
          target="_blank"
        >
          Team
        </a>
        <a
          class="c9"
          href="mailto:team@gitpoap.io"
        >
          Contact
        </a>
      </div>
    </div>
    <div
      class="c11 emotion-3"
    >
      <div
        class="c8"
      >
        Sign up for updates
      </div>
      <div
        class="emotion-3"
        style="margin-top: 0.75rem; display: flex;"
      >
        <div
          class="emotion-9 emotion-10 c12 emotion-11"
          style="margin-right: 0.4375rem;"
        >
          <div
            class="emotion-12 emotion-13 emotion-14"
          >
            <input
              aria-invalid="false"
              class="emotion-15 emotion-16 emotion-17"
              id="mantine-r0"
              placeholder="Email"
              spellcheck="false"
              type="text"
              value=""
            />
          </div>
        </div>
        <button
          class="emotion-18 emotion-19 emotion-20"
          data-button="true"
          data-disabled="true"
          disabled=""
          style="height: 2.25rem;"
          type="button"
        >
          <div
            class="emotion-21 emotion-22"
          >
            <span
              class="emotion-23 emotion-24"
            />
            <span
              class="emotion-25 emotion-26 emotion-27"
            >
              <svg
                color="#838495"
                fill="currentColor"
                height="14"
                stroke="currentColor"
                stroke-width="0"
                style="color: rgb(131, 132, 149);"
                viewBox="0 0 24 24"
                width="14"
                xmlns="http://www.w3.org/2000/svg"
              >
                <path
                  d="M0 0h24v24H0z"
                  fill="none"
                />
                <path
                  d="M2.01 21L23 12 2.01 3 2 10l15 2-15 2z"
                />
              </svg>
            </span>
          </div>
        </button>
      </div>
    </div>
  </div>
</div>
`;
