// Jest Snapshot v1, https://goo.gl/fbAQLP

exports[`DisconnectPopover should render dropdown 1`] = `
.emotion-2 {
  -webkit-tap-highlight-color: transparent;
  font-family: -apple-system,BlinkMacSystemFont,Segoe UI,Roboto,Helvetica,Arial,sans-serif,Apple Color Emoji,Segoe UI Emoji;
  cursor: pointer;
  border: 0;
  padding: 0;
  -webkit-appearance: none;
  -moz-appearance: none;
  -ms-appearance: none;
  appearance: none;
  font-size: 16px;
  background-color: transparent;
  text-align: left;
  color: #000;
  -webkit-text-decoration: none;
  text-decoration: none;
  box-sizing: border-box;
  height: 36px;
  padding-left: 18px;
  padding-right: 12px;
  font-family: -apple-system,BlinkMacSystemFont,Segoe UI,Roboto,Helvetica,Arial,sans-serif,Apple Color Emoji,Segoe UI Emoji;
  -webkit-tap-highlight-color: transparent;
  display: inline-block;
  width: auto;
  border-radius: 4px;
  font-weight: 600;
  position: relative;
  line-height: 1;
  font-size: 14px;
  -webkit-user-select: none;
  -moz-user-select: none;
  -ms-user-select: none;
  user-select: none;
  cursor: pointer;
  border: 1px solid #228be6;
  background-color: transparent;
  color: #228be6;
}

.emotion-2:focus {
  outline-offset: 2px;
  outline: 2px solid #339af0;
}

.emotion-2:focus:not(:focus-visible) {
  outline: none;
}

.emotion-2:focus {
  outline-offset: 2px;
  outline: 2px solid #339af0;
}

.emotion-2:focus:not(:focus-visible) {
  outline: none;
}

@media (hover: hover) {
  .emotion-2:hover {
    background-color: rgba(231, 245, 255, 0.35);
  }
}

@media (hover: none) {
  .emotion-2:active {
    background-color: rgba(231, 245, 255, 0.35);
  }
}

.emotion-2:active {
  -webkit-transform: translateY(1px);
  -moz-transform: translateY(1px);
  -ms-transform: translateY(1px);
  transform: translateY(1px);
}

.emotion-2:disabled,
.emotion-2[data-disabled] {
  border-color: transparent;
  background-color: #e9ecef;
  color: #adb5bd;
  cursor: not-allowed;
  background-image: none;
  pointer-events: none;
}

.emotion-2:disabled:active,
.emotion-2[data-disabled]:active {
  -webkit-transform: none;
  -moz-transform: none;
  -ms-transform: none;
  transform: none;
}

.emotion-2[data-loading] {
  pointer-events: none;
}

.emotion-2[data-loading]::before {
  content: "";
  position: absolute;
  top: -1px;
  left: -1px;
  right: -1px;
  bottom: -1px;
  background-color: rgba(255, 255, 255, .5);
  border-radius: 4px;
  cursor: not-allowed;
}

.emotion-3 {
  display: -webkit-box;
  display: -webkit-flex;
  display: -ms-flexbox;
  display: flex;
  -webkit-align-items: center;
  -webkit-box-align: center;
  -ms-flex-align: center;
  align-items: center;
  -webkit-box-pack: center;
  -ms-flex-pack: center;
  -webkit-justify-content: center;
  justify-content: center;
  height: 100%;
  overflow: visible;
}

.emotion-5 {
  white-space: nowrap;
  height: 100%;
  overflow: hidden;
  display: -webkit-box;
  display: -webkit-flex;
  display: -ms-flexbox;
  display: flex;
  -webkit-align-items: center;
  -webkit-box-align: center;
  -ms-flex-align: center;
  align-items: center;
}

.emotion-9 {
  display: -webkit-box;
  display: -webkit-flex;
  display: -ms-flexbox;
  display: flex;
  -webkit-align-items: center;
  -webkit-box-align: center;
  -ms-flex-align: center;
  align-items: center;
  margin-left: 10px;
}

<button
  class="emotion-0 emotion-1 emotion-2"
  data-button="true"
  type="button"
>
  <div
    class="emotion-3 emotion-4"
  >
    <span
      class="emotion-5 emotion-6"
    >
      dropdown-button
    </span>
    <span
      class="emotion-7 emotion-8 emotion-9"
    >
      <img
        src="/test/test.png"
      />
    </span>
  </div>
</button>
`;

exports[`DisconnectPopover should render target 1`] = `
<button>
  target-button
</button>
`;
