// Jest Snapshot v1, https://goo.gl/fbAQLP

exports[`FeatureHeart should not render a heart icon 1`] = `null`;

exports[`FeatureHeart should render a heart icon 1`] = `
.c0 > svg {
  fill: #307AE8;
}

.c1 {
  color: #E2E2EE;
  height: 1.125rem;
  width: 1.125rem;
  -webkit-transition: 150ms fill ease;
  transition: 150ms fill ease;
  fill: #E2E2EE;
}

.c1:hover {
  fill: #5596F6;
  cursor: pointer;
}

.c1:active {
  fill: #1761CF;
}

<div
  class="c0"
>
  <svg
    class="c1"
    fill="currentColor"
    height="1em"
    stroke="currentColor"
    stroke-width="0"
    viewBox="0 0 512 512"
    width="1em"
    xmlns="http://www.w3.org/2000/svg"
  >
    <path
      d="M462.3 62.6C407.5 15.9 326 24.3 275.7 76.2L256 96.5l-19.7-20.3C186.1 24.3 104.5 15.9 49.7 62.6c-62.8 53.6-66.1 149.8-9.9 207.9l193.5 199.8c12.5 12.9 32.8 12.9 45.3 0l193.5-199.8c56.3-58.1 53-154.3-9.8-207.9z"
    />
  </svg>
</div>
`;

exports[`FeatureHeart should render a loader 1`] = `
.c1 {
  stroke: #5596F6;
}

.c0 > svg {
  fill: #307AE8;
}

<div
  class="c0"
>
  <svg
    class="c1 emotion-0"
    height="18px"
    role="presentation"
    stroke="#228be6"
    viewBox="0 0 38 38"
    width="18px"
    xmlns="http://www.w3.org/2000/svg"
  >
    <g
      fill="none"
      fill-rule="evenodd"
    >
      <g
        stroke-width="5"
        transform="translate(2.5 2.5)"
      >
        <circle
          cx="16"
          cy="16"
          r="16"
          stroke-opacity=".5"
        />
        <path
          d="M32 16c0-9.94-8.06-16-16-16"
        >
          <animatetransform
            attributeName="transform"
            dur="1s"
            from="0 16 16"
            repeatCount="indefinite"
            to="360 16 16"
            type="rotate"
          />
        </path>
      </g>
    </g>
  </svg>
</div>
`;
