// Jest Snapshot v1, https://goo.gl/fbAQLP

exports[`CopyableText renders a CopyableText 1`] = `
.c0 {
  display: inline-block;
  font-family: 'PT Mono',monospace;
  font-weight: 700;
  font-size: 0.8125rem;
  line-height: 1.0625rem;
  -webkit-letter-spacing: 0.03125rem;
  -moz-letter-spacing: 0.03125rem;
  -ms-letter-spacing: 0.03125rem;
  letter-spacing: 0.03125rem;
  text-align: center;
  color: #307AE8;
  -webkit-transition: color 150ms ease-in-out;
  transition: color 150ms ease-in-out;
  cursor: pointer;
  color: #307AE8;
}

.c1:hover:not([disabled]) {
  color: #5596F6;
}

.c1:active:not([disabled]) {
  color: #1761CF;
}

.c1[disabled] {
  color: #393A51;
  cursor: not-allowed;
}

.c2 {
  font-family: PT Mono;
  font-style: normal;
  font-weight: normal;
  font-size: 0.875rem;
  line-height: 1.125rem;
  -webkit-letter-spacing: -0.03125rem;
  -moz-letter-spacing: -0.03125rem;
  -ms-letter-spacing: -0.03125rem;
  letter-spacing: -0.03125rem;
  color: #838495;
}

<div
  class="mantine-Text-root c0 c1 c2 mantine-1pbxw0k"
>
  visible placeholder
  <div
    class="mantine-1avyp1d"
  >
    <svg
      fill="none"
      height="1em"
      stroke="currentColor"
      stroke-linecap="round"
      stroke-linejoin="round"
      stroke-width="2"
      style="margin-left: 0.375rem;"
      viewBox="0 0 24 24"
      width="1em"
      xmlns="http://www.w3.org/2000/svg"
    >
      <rect
        height="13"
        rx="2"
        ry="2"
        width="13"
        x="9"
        y="9"
      />
      <path
        d="M5 15H4a2 2 0 0 1-2-2V4a2 2 0 0 1 2-2h9a2 2 0 0 1 2 2v1"
      />
    </svg>
  </div>
</div>
`;
