// Jest Snapshot v1, https://goo.gl/fbAQLP

exports[`GitPOAPBadge href renders an GitPOAPBadge without href 1`] = `
.c0 {
  -webkit-transition: 150ms background-color ease-in-out,150ms opacity ease-in-out;
  transition: 150ms background-color ease-in-out,150ms opacity ease-in-out;
  -webkit-clip-path: url('#hexagonPath');
  clip-path: url('#hexagonPath');
  overflow: hidden;
  -webkit-transform: translateZ(0);
  -ms-transform: translateZ(0);
  transform: translateZ(0);
}

.c4 {
  --s: 12.5rem;
  position: absolute;
  top: 0.25rem;
  left: 0.25rem;
  width: var(--s);
  height: calc(var(--s) * 1);
  display: inline-block;
  font-size: initial;
  background: #292B3D;
}

.c1 {
  position: relative;
  --s: 13.5rem;
  width: var(--s);
  height: calc(var(--s) * 1);
  background: #E2E2EE;
}

.c1:hover:not([disabled]) {
  cursor: pointer;
  background-color: #5596F6;
}

.c1:hover:not([disabled]) .c3 {
  opacity: 0.7;
}

.c1:active:not([disabled]) {
  background-color: #1761CF;
}

.c1:active:not([disabled]) .c3 {
  opacity: 0.5;
}

.c1[disabled] {
  cursor: not-allowed;
  background-color: #838495;
}

.c1[disabled] .c3:before {
  background: #10111E;
}

.c2 {
  --s: 13rem;
  position: absolute;
  top: 0.25rem;
  left: 0.25rem;
  width: var(--s);
  height: calc(var(--s) * 1);
  background: #10111E;
}

<div
  class="c0 c1"
>
  <div
    class="c0 c2"
  >
    <div
      class="c3 c0 c4"
    >
      <img
        alt="test_gitpoap"
        data-nimg="fill"
        decoding="async"
        loading="lazy"
        sizes="(max-width: 768px) 21.875rem, 21.875rem"
        src="/_next/image?url=https%3A%2F%2Fpoap.gallery%2Fstatic%2Fmedia%2Ftest_gitpoap.1b1b1b1b.png&w=3840&q=75"
        srcset="/_next/image?url=https%3A%2F%2Fpoap.gallery%2Fstatic%2Fmedia%2Ftest_gitpoap.1b1b1b1b.png&w=16&q=75 16w, /_next/image?url=https%3A%2F%2Fpoap.gallery%2Fstatic%2Fmedia%2Ftest_gitpoap.1b1b1b1b.png&w=32&q=75 32w, /_next/image?url=https%3A%2F%2Fpoap.gallery%2Fstatic%2Fmedia%2Ftest_gitpoap.1b1b1b1b.png&w=48&q=75 48w, /_next/image?url=https%3A%2F%2Fpoap.gallery%2Fstatic%2Fmedia%2Ftest_gitpoap.1b1b1b1b.png&w=64&q=75 64w, /_next/image?url=https%3A%2F%2Fpoap.gallery%2Fstatic%2Fmedia%2Ftest_gitpoap.1b1b1b1b.png&w=96&q=75 96w, /_next/image?url=https%3A%2F%2Fpoap.gallery%2Fstatic%2Fmedia%2Ftest_gitpoap.1b1b1b1b.png&w=128&q=75 128w, /_next/image?url=https%3A%2F%2Fpoap.gallery%2Fstatic%2Fmedia%2Ftest_gitpoap.1b1b1b1b.png&w=256&q=75 256w, /_next/image?url=https%3A%2F%2Fpoap.gallery%2Fstatic%2Fmedia%2Ftest_gitpoap.1b1b1b1b.png&w=384&q=75 384w, /_next/image?url=https%3A%2F%2Fpoap.gallery%2Fstatic%2Fmedia%2Ftest_gitpoap.1b1b1b1b.png&w=640&q=75 640w, /_next/image?url=https%3A%2F%2Fpoap.gallery%2Fstatic%2Fmedia%2Ftest_gitpoap.1b1b1b1b.png&w=750&q=75 750w, /_next/image?url=https%3A%2F%2Fpoap.gallery%2Fstatic%2Fmedia%2Ftest_gitpoap.1b1b1b1b.png&w=828&q=75 828w, /_next/image?url=https%3A%2F%2Fpoap.gallery%2Fstatic%2Fmedia%2Ftest_gitpoap.1b1b1b1b.png&w=1080&q=75 1080w, /_next/image?url=https%3A%2F%2Fpoap.gallery%2Fstatic%2Fmedia%2Ftest_gitpoap.1b1b1b1b.png&w=1200&q=75 1200w, /_next/image?url=https%3A%2F%2Fpoap.gallery%2Fstatic%2Fmedia%2Ftest_gitpoap.1b1b1b1b.png&w=1920&q=75 1920w, /_next/image?url=https%3A%2F%2Fpoap.gallery%2Fstatic%2Fmedia%2Ftest_gitpoap.1b1b1b1b.png&w=2048&q=75 2048w, /_next/image?url=https%3A%2F%2Fpoap.gallery%2Fstatic%2Fmedia%2Ftest_gitpoap.1b1b1b1b.png&w=3840&q=75 3840w"
        style="position: absolute; height: 100%; width: 100%; left: 0px; top: 0px; right: 0px; bottom: 0px; color: transparent;"
      />
    </div>
  </div>
</div>
`;

exports[`GitPOAPBadge href renders correct with href 1`] = `
.c2 {
  -webkit-transition: 150ms background-color ease-in-out,150ms opacity ease-in-out;
  transition: 150ms background-color ease-in-out,150ms opacity ease-in-out;
  -webkit-clip-path: url('#hexagonPath');
  clip-path: url('#hexagonPath');
  overflow: hidden;
  -webkit-transform: translateZ(0);
  -ms-transform: translateZ(0);
  transform: translateZ(0);
}

.c0 {
  -webkit-transition: 150ms background-color ease-in-out,150ms opacity ease-in-out;
  transition: 150ms background-color ease-in-out,150ms opacity ease-in-out;
  -webkit-clip-path: url('#hexagonPath');
  clip-path: url('#hexagonPath');
  overflow: hidden;
  -webkit-transform: translateZ(0);
  -ms-transform: translateZ(0);
  transform: translateZ(0);
}

.c6 {
  --s: 12.5rem;
  position: absolute;
  top: 0.25rem;
  left: 0.25rem;
  width: var(--s);
  height: calc(var(--s) * 1);
  display: inline-block;
  font-size: initial;
  background: #292B3D;
}

.c3 {
  position: relative;
  --s: 13.5rem;
  width: var(--s);
  height: calc(var(--s) * 1);
  background: #E2E2EE;
}

.c3:hover:not([disabled]) {
  cursor: pointer;
  background-color: #5596F6;
}

.c3:hover:not([disabled]) .c5 {
  opacity: 0.7;
}

.c3:active:not([disabled]) {
  background-color: #1761CF;
}

.c3:active:not([disabled]) .c5 {
  opacity: 0.5;
}

.c3[disabled] {
  cursor: not-allowed;
  background-color: #838495;
}

.c3[disabled] .c5:before {
  background: #10111E;
}

.c4 {
  --s: 13rem;
  position: absolute;
  top: 0.25rem;
  left: 0.25rem;
  width: var(--s);
  height: calc(var(--s) * 1);
  background: #10111E;
}

.c1 {
  --s: 13.5rem;
  width: var(--s);
  height: calc(var(--s) * 1);
}

<a
  class="c0 c1"
  href="/repos"
>
  <div
    class="c2 c3"
  >
    <div
      class="c2 c4"
    >
      <div
        class="c5 c2 c6"
      >
        <img
          alt="test_gitpoap"
          data-nimg="fill"
          decoding="async"
          loading="lazy"
          sizes="(max-width: 768px) 21.875rem, 21.875rem"
          src="/_next/image?url=https%3A%2F%2Fpoap.gallery%2Fstatic%2Fmedia%2Ftest_gitpoap.1b1b1b1b.png&w=3840&q=75"
          srcset="/_next/image?url=https%3A%2F%2Fpoap.gallery%2Fstatic%2Fmedia%2Ftest_gitpoap.1b1b1b1b.png&w=16&q=75 16w, /_next/image?url=https%3A%2F%2Fpoap.gallery%2Fstatic%2Fmedia%2Ftest_gitpoap.1b1b1b1b.png&w=32&q=75 32w, /_next/image?url=https%3A%2F%2Fpoap.gallery%2Fstatic%2Fmedia%2Ftest_gitpoap.1b1b1b1b.png&w=48&q=75 48w, /_next/image?url=https%3A%2F%2Fpoap.gallery%2Fstatic%2Fmedia%2Ftest_gitpoap.1b1b1b1b.png&w=64&q=75 64w, /_next/image?url=https%3A%2F%2Fpoap.gallery%2Fstatic%2Fmedia%2Ftest_gitpoap.1b1b1b1b.png&w=96&q=75 96w, /_next/image?url=https%3A%2F%2Fpoap.gallery%2Fstatic%2Fmedia%2Ftest_gitpoap.1b1b1b1b.png&w=128&q=75 128w, /_next/image?url=https%3A%2F%2Fpoap.gallery%2Fstatic%2Fmedia%2Ftest_gitpoap.1b1b1b1b.png&w=256&q=75 256w, /_next/image?url=https%3A%2F%2Fpoap.gallery%2Fstatic%2Fmedia%2Ftest_gitpoap.1b1b1b1b.png&w=384&q=75 384w, /_next/image?url=https%3A%2F%2Fpoap.gallery%2Fstatic%2Fmedia%2Ftest_gitpoap.1b1b1b1b.png&w=640&q=75 640w, /_next/image?url=https%3A%2F%2Fpoap.gallery%2Fstatic%2Fmedia%2Ftest_gitpoap.1b1b1b1b.png&w=750&q=75 750w, /_next/image?url=https%3A%2F%2Fpoap.gallery%2Fstatic%2Fmedia%2Ftest_gitpoap.1b1b1b1b.png&w=828&q=75 828w, /_next/image?url=https%3A%2F%2Fpoap.gallery%2Fstatic%2Fmedia%2Ftest_gitpoap.1b1b1b1b.png&w=1080&q=75 1080w, /_next/image?url=https%3A%2F%2Fpoap.gallery%2Fstatic%2Fmedia%2Ftest_gitpoap.1b1b1b1b.png&w=1200&q=75 1200w, /_next/image?url=https%3A%2F%2Fpoap.gallery%2Fstatic%2Fmedia%2Ftest_gitpoap.1b1b1b1b.png&w=1920&q=75 1920w, /_next/image?url=https%3A%2F%2Fpoap.gallery%2Fstatic%2Fmedia%2Ftest_gitpoap.1b1b1b1b.png&w=2048&q=75 2048w, /_next/image?url=https%3A%2F%2Fpoap.gallery%2Fstatic%2Fmedia%2Ftest_gitpoap.1b1b1b1b.png&w=3840&q=75 3840w"
          style="position: absolute; height: 100%; width: 100%; left: 0px; top: 0px; right: 0px; bottom: 0px; color: transparent;"
        />
      </div>
    </div>
  </div>
</a>
`;

exports[`GitPOAPBadge level renders correctly for level = bronze 1`] = `
.c0 {
  -webkit-transition: 150ms background-color ease-in-out,150ms opacity ease-in-out;
  transition: 150ms background-color ease-in-out,150ms opacity ease-in-out;
  -webkit-clip-path: url('#hexagonPath');
  clip-path: url('#hexagonPath');
  overflow: hidden;
  -webkit-transform: translateZ(0);
  -ms-transform: translateZ(0);
  transform: translateZ(0);
}

.c4 {
  --s: 12.5rem;
  position: absolute;
  top: 0.4375rem;
  left: 0.4375rem;
  width: var(--s);
  height: calc(var(--s) * 1);
  display: inline-block;
  font-size: initial;
  background: #292B3D;
}

.c1 {
  position: relative;
  --s: 14.25rem;
  width: var(--s);
  height: calc(var(--s) * 1);
  background: linear-gradient(to bottom,#6A3805,#AD8A56,#6A3805);
}

.c1:hover:not([disabled]) {
  cursor: pointer;
  background-color: #5596F6;
}

.c1:hover:not([disabled]) .c3 {
  opacity: 0.7;
}

.c1:active:not([disabled]) {
  background-color: #1761CF;
}

.c1:active:not([disabled]) .c3 {
  opacity: 0.5;
}

.c1[disabled] {
  cursor: not-allowed;
  background-color: #838495;
}

.c1[disabled] .c3:before {
  background: #10111E;
}

.c2 {
  --s: 13.375rem;
  position: absolute;
  top: 0.4375rem;
  left: 0.4375rem;
  width: var(--s);
  height: calc(var(--s) * 1);
  background: #10111E;
}

<div
  class="c0 c1"
>
  <div
    class="c0 c2"
  >
    <div
      class="c3 c0 c4"
    >
      <img
        alt="test_gitpoap"
        data-nimg="fill"
        decoding="async"
        loading="lazy"
        sizes="(max-width: 768px) 21.875rem, 21.875rem"
        src="/_next/image?url=https%3A%2F%2Fpoap.gallery%2Fstatic%2Fmedia%2Ftest_gitpoap.1b1b1b1b.png&w=3840&q=75"
        srcset="/_next/image?url=https%3A%2F%2Fpoap.gallery%2Fstatic%2Fmedia%2Ftest_gitpoap.1b1b1b1b.png&w=16&q=75 16w, /_next/image?url=https%3A%2F%2Fpoap.gallery%2Fstatic%2Fmedia%2Ftest_gitpoap.1b1b1b1b.png&w=32&q=75 32w, /_next/image?url=https%3A%2F%2Fpoap.gallery%2Fstatic%2Fmedia%2Ftest_gitpoap.1b1b1b1b.png&w=48&q=75 48w, /_next/image?url=https%3A%2F%2Fpoap.gallery%2Fstatic%2Fmedia%2Ftest_gitpoap.1b1b1b1b.png&w=64&q=75 64w, /_next/image?url=https%3A%2F%2Fpoap.gallery%2Fstatic%2Fmedia%2Ftest_gitpoap.1b1b1b1b.png&w=96&q=75 96w, /_next/image?url=https%3A%2F%2Fpoap.gallery%2Fstatic%2Fmedia%2Ftest_gitpoap.1b1b1b1b.png&w=128&q=75 128w, /_next/image?url=https%3A%2F%2Fpoap.gallery%2Fstatic%2Fmedia%2Ftest_gitpoap.1b1b1b1b.png&w=256&q=75 256w, /_next/image?url=https%3A%2F%2Fpoap.gallery%2Fstatic%2Fmedia%2Ftest_gitpoap.1b1b1b1b.png&w=384&q=75 384w, /_next/image?url=https%3A%2F%2Fpoap.gallery%2Fstatic%2Fmedia%2Ftest_gitpoap.1b1b1b1b.png&w=640&q=75 640w, /_next/image?url=https%3A%2F%2Fpoap.gallery%2Fstatic%2Fmedia%2Ftest_gitpoap.1b1b1b1b.png&w=750&q=75 750w, /_next/image?url=https%3A%2F%2Fpoap.gallery%2Fstatic%2Fmedia%2Ftest_gitpoap.1b1b1b1b.png&w=828&q=75 828w, /_next/image?url=https%3A%2F%2Fpoap.gallery%2Fstatic%2Fmedia%2Ftest_gitpoap.1b1b1b1b.png&w=1080&q=75 1080w, /_next/image?url=https%3A%2F%2Fpoap.gallery%2Fstatic%2Fmedia%2Ftest_gitpoap.1b1b1b1b.png&w=1200&q=75 1200w, /_next/image?url=https%3A%2F%2Fpoap.gallery%2Fstatic%2Fmedia%2Ftest_gitpoap.1b1b1b1b.png&w=1920&q=75 1920w, /_next/image?url=https%3A%2F%2Fpoap.gallery%2Fstatic%2Fmedia%2Ftest_gitpoap.1b1b1b1b.png&w=2048&q=75 2048w, /_next/image?url=https%3A%2F%2Fpoap.gallery%2Fstatic%2Fmedia%2Ftest_gitpoap.1b1b1b1b.png&w=3840&q=75 3840w"
        style="position: absolute; height: 100%; width: 100%; left: 0px; top: 0px; right: 0px; bottom: 0px; color: transparent;"
      />
    </div>
  </div>
</div>
`;

exports[`GitPOAPBadge level renders correctly for level = gold 1`] = `
.c0 {
  -webkit-transition: 150ms background-color ease-in-out,150ms opacity ease-in-out;
  transition: 150ms background-color ease-in-out,150ms opacity ease-in-out;
  -webkit-clip-path: url('#hexagonPath');
  clip-path: url('#hexagonPath');
  overflow: hidden;
  -webkit-transform: translateZ(0);
  -ms-transform: translateZ(0);
  transform: translateZ(0);
}

.c4 {
  --s: 12.5rem;
  position: absolute;
  top: 0.4375rem;
  left: 0.4375rem;
  width: var(--s);
  height: calc(var(--s) * 1);
  display: inline-block;
  font-size: initial;
  background: #292B3D;
}

.c1 {
  position: relative;
  --s: 14.25rem;
  width: var(--s);
  height: calc(var(--s) * 1);
  background: linear-gradient(to bottom,#b28c10,#eedfaf,#b28c10);
}

.c1:hover:not([disabled]) {
  cursor: pointer;
  background-color: #5596F6;
}

.c1:hover:not([disabled]) .c3 {
  opacity: 0.7;
}

.c1:active:not([disabled]) {
  background-color: #1761CF;
}

.c1:active:not([disabled]) .c3 {
  opacity: 0.5;
}

.c1[disabled] {
  cursor: not-allowed;
  background-color: #838495;
}

.c1[disabled] .c3:before {
  background: #10111E;
}

.c2 {
  --s: 13.375rem;
  position: absolute;
  top: 0.4375rem;
  left: 0.4375rem;
  width: var(--s);
  height: calc(var(--s) * 1);
  background: #10111E;
}

<div
  class="c0 c1"
>
  <div
    class="c0 c2"
  >
    <div
      class="c3 c0 c4"
    >
      <img
        alt="test_gitpoap"
        data-nimg="fill"
        decoding="async"
        loading="lazy"
        sizes="(max-width: 768px) 21.875rem, 21.875rem"
        src="/_next/image?url=https%3A%2F%2Fpoap.gallery%2Fstatic%2Fmedia%2Ftest_gitpoap.1b1b1b1b.png&w=3840&q=75"
        srcset="/_next/image?url=https%3A%2F%2Fpoap.gallery%2Fstatic%2Fmedia%2Ftest_gitpoap.1b1b1b1b.png&w=16&q=75 16w, /_next/image?url=https%3A%2F%2Fpoap.gallery%2Fstatic%2Fmedia%2Ftest_gitpoap.1b1b1b1b.png&w=32&q=75 32w, /_next/image?url=https%3A%2F%2Fpoap.gallery%2Fstatic%2Fmedia%2Ftest_gitpoap.1b1b1b1b.png&w=48&q=75 48w, /_next/image?url=https%3A%2F%2Fpoap.gallery%2Fstatic%2Fmedia%2Ftest_gitpoap.1b1b1b1b.png&w=64&q=75 64w, /_next/image?url=https%3A%2F%2Fpoap.gallery%2Fstatic%2Fmedia%2Ftest_gitpoap.1b1b1b1b.png&w=96&q=75 96w, /_next/image?url=https%3A%2F%2Fpoap.gallery%2Fstatic%2Fmedia%2Ftest_gitpoap.1b1b1b1b.png&w=128&q=75 128w, /_next/image?url=https%3A%2F%2Fpoap.gallery%2Fstatic%2Fmedia%2Ftest_gitpoap.1b1b1b1b.png&w=256&q=75 256w, /_next/image?url=https%3A%2F%2Fpoap.gallery%2Fstatic%2Fmedia%2Ftest_gitpoap.1b1b1b1b.png&w=384&q=75 384w, /_next/image?url=https%3A%2F%2Fpoap.gallery%2Fstatic%2Fmedia%2Ftest_gitpoap.1b1b1b1b.png&w=640&q=75 640w, /_next/image?url=https%3A%2F%2Fpoap.gallery%2Fstatic%2Fmedia%2Ftest_gitpoap.1b1b1b1b.png&w=750&q=75 750w, /_next/image?url=https%3A%2F%2Fpoap.gallery%2Fstatic%2Fmedia%2Ftest_gitpoap.1b1b1b1b.png&w=828&q=75 828w, /_next/image?url=https%3A%2F%2Fpoap.gallery%2Fstatic%2Fmedia%2Ftest_gitpoap.1b1b1b1b.png&w=1080&q=75 1080w, /_next/image?url=https%3A%2F%2Fpoap.gallery%2Fstatic%2Fmedia%2Ftest_gitpoap.1b1b1b1b.png&w=1200&q=75 1200w, /_next/image?url=https%3A%2F%2Fpoap.gallery%2Fstatic%2Fmedia%2Ftest_gitpoap.1b1b1b1b.png&w=1920&q=75 1920w, /_next/image?url=https%3A%2F%2Fpoap.gallery%2Fstatic%2Fmedia%2Ftest_gitpoap.1b1b1b1b.png&w=2048&q=75 2048w, /_next/image?url=https%3A%2F%2Fpoap.gallery%2Fstatic%2Fmedia%2Ftest_gitpoap.1b1b1b1b.png&w=3840&q=75 3840w"
        style="position: absolute; height: 100%; width: 100%; left: 0px; top: 0px; right: 0px; bottom: 0px; color: transparent;"
      />
    </div>
  </div>
</div>
`;

exports[`GitPOAPBadge level renders correctly for level = silver 1`] = `
.c0 {
  -webkit-transition: 150ms background-color ease-in-out,150ms opacity ease-in-out;
  transition: 150ms background-color ease-in-out,150ms opacity ease-in-out;
  -webkit-clip-path: url('#hexagonPath');
  clip-path: url('#hexagonPath');
  overflow: hidden;
  -webkit-transform: translateZ(0);
  -ms-transform: translateZ(0);
  transform: translateZ(0);
}

.c4 {
  --s: 12.5rem;
  position: absolute;
  top: 0.4375rem;
  left: 0.4375rem;
  width: var(--s);
  height: calc(var(--s) * 1);
  display: inline-block;
  font-size: initial;
  background: #292B3D;
}

.c1 {
  position: relative;
  --s: 14.25rem;
  width: var(--s);
  height: calc(var(--s) * 1);
  background: linear-gradient(to bottom,#7a7a7a,#e6e6e6,#7a7a7a);
}

.c1:hover:not([disabled]) {
  cursor: pointer;
  background-color: #5596F6;
}

.c1:hover:not([disabled]) .c3 {
  opacity: 0.7;
}

.c1:active:not([disabled]) {
  background-color: #1761CF;
}

.c1:active:not([disabled]) .c3 {
  opacity: 0.5;
}

.c1[disabled] {
  cursor: not-allowed;
  background-color: #838495;
}

.c1[disabled] .c3:before {
  background: #10111E;
}

.c2 {
  --s: 13.375rem;
  position: absolute;
  top: 0.4375rem;
  left: 0.4375rem;
  width: var(--s);
  height: calc(var(--s) * 1);
  background: #10111E;
}

<div
  class="c0 c1"
>
  <div
    class="c0 c2"
  >
    <div
      class="c3 c0 c4"
    >
      <img
        alt="test_gitpoap"
        data-nimg="fill"
        decoding="async"
        loading="lazy"
        sizes="(max-width: 768px) 21.875rem, 21.875rem"
        src="/_next/image?url=https%3A%2F%2Fpoap.gallery%2Fstatic%2Fmedia%2Ftest_gitpoap.1b1b1b1b.png&w=3840&q=75"
        srcset="/_next/image?url=https%3A%2F%2Fpoap.gallery%2Fstatic%2Fmedia%2Ftest_gitpoap.1b1b1b1b.png&w=16&q=75 16w, /_next/image?url=https%3A%2F%2Fpoap.gallery%2Fstatic%2Fmedia%2Ftest_gitpoap.1b1b1b1b.png&w=32&q=75 32w, /_next/image?url=https%3A%2F%2Fpoap.gallery%2Fstatic%2Fmedia%2Ftest_gitpoap.1b1b1b1b.png&w=48&q=75 48w, /_next/image?url=https%3A%2F%2Fpoap.gallery%2Fstatic%2Fmedia%2Ftest_gitpoap.1b1b1b1b.png&w=64&q=75 64w, /_next/image?url=https%3A%2F%2Fpoap.gallery%2Fstatic%2Fmedia%2Ftest_gitpoap.1b1b1b1b.png&w=96&q=75 96w, /_next/image?url=https%3A%2F%2Fpoap.gallery%2Fstatic%2Fmedia%2Ftest_gitpoap.1b1b1b1b.png&w=128&q=75 128w, /_next/image?url=https%3A%2F%2Fpoap.gallery%2Fstatic%2Fmedia%2Ftest_gitpoap.1b1b1b1b.png&w=256&q=75 256w, /_next/image?url=https%3A%2F%2Fpoap.gallery%2Fstatic%2Fmedia%2Ftest_gitpoap.1b1b1b1b.png&w=384&q=75 384w, /_next/image?url=https%3A%2F%2Fpoap.gallery%2Fstatic%2Fmedia%2Ftest_gitpoap.1b1b1b1b.png&w=640&q=75 640w, /_next/image?url=https%3A%2F%2Fpoap.gallery%2Fstatic%2Fmedia%2Ftest_gitpoap.1b1b1b1b.png&w=750&q=75 750w, /_next/image?url=https%3A%2F%2Fpoap.gallery%2Fstatic%2Fmedia%2Ftest_gitpoap.1b1b1b1b.png&w=828&q=75 828w, /_next/image?url=https%3A%2F%2Fpoap.gallery%2Fstatic%2Fmedia%2Ftest_gitpoap.1b1b1b1b.png&w=1080&q=75 1080w, /_next/image?url=https%3A%2F%2Fpoap.gallery%2Fstatic%2Fmedia%2Ftest_gitpoap.1b1b1b1b.png&w=1200&q=75 1200w, /_next/image?url=https%3A%2F%2Fpoap.gallery%2Fstatic%2Fmedia%2Ftest_gitpoap.1b1b1b1b.png&w=1920&q=75 1920w, /_next/image?url=https%3A%2F%2Fpoap.gallery%2Fstatic%2Fmedia%2Ftest_gitpoap.1b1b1b1b.png&w=2048&q=75 2048w, /_next/image?url=https%3A%2F%2Fpoap.gallery%2Fstatic%2Fmedia%2Ftest_gitpoap.1b1b1b1b.png&w=3840&q=75 3840w"
        style="position: absolute; height: 100%; width: 100%; left: 0px; top: 0px; right: 0px; bottom: 0px; color: transparent;"
      />
    </div>
  </div>
</div>
`;

exports[`GitPOAPBadge size renders correctly for size = lg 1`] = `
.c0 {
  -webkit-transition: 150ms background-color ease-in-out,150ms opacity ease-in-out;
  transition: 150ms background-color ease-in-out,150ms opacity ease-in-out;
  -webkit-clip-path: url('#hexagonPath');
  clip-path: url('#hexagonPath');
  overflow: hidden;
  -webkit-transform: translateZ(0);
  -ms-transform: translateZ(0);
  transform: translateZ(0);
}

.c4 {
  --s: 21.875rem;
  position: absolute;
  top: 0.3125rem;
  left: 0.3125rem;
  width: var(--s);
  height: calc(var(--s) * 1);
  display: inline-block;
  font-size: initial;
  background: #292B3D;
}

.c1 {
  position: relative;
  --s: 23.125rem;
  width: var(--s);
  height: calc(var(--s) * 1);
  background: #E2E2EE;
}

.c1:hover:not([disabled]) {
  cursor: pointer;
  background-color: #5596F6;
}

.c1:hover:not([disabled]) .c3 {
  opacity: 0.7;
}

.c1:active:not([disabled]) {
  background-color: #1761CF;
}

.c1:active:not([disabled]) .c3 {
  opacity: 0.5;
}

.c1[disabled] {
  cursor: not-allowed;
  background-color: #838495;
}

.c1[disabled] .c3:before {
  background: #10111E;
}

.c2 {
  --s: 22.5rem;
  position: absolute;
  top: 0.3125rem;
  left: 0.3125rem;
  width: var(--s);
  height: calc(var(--s) * 1);
  background: #10111E;
}

<div
  class="c0 c1"
>
  <div
    class="c0 c2"
  >
    <div
      class="c3 c0 c4"
    >
      <img
        alt="test_gitpoap"
        data-nimg="fill"
        decoding="async"
        loading="lazy"
        sizes="(max-width: 768px) 21.875rem, 21.875rem"
        src="/_next/image?url=https%3A%2F%2Fpoap.gallery%2Fstatic%2Fmedia%2Ftest_gitpoap.1b1b1b1b.png&w=3840&q=75"
        srcset="/_next/image?url=https%3A%2F%2Fpoap.gallery%2Fstatic%2Fmedia%2Ftest_gitpoap.1b1b1b1b.png&w=16&q=75 16w, /_next/image?url=https%3A%2F%2Fpoap.gallery%2Fstatic%2Fmedia%2Ftest_gitpoap.1b1b1b1b.png&w=32&q=75 32w, /_next/image?url=https%3A%2F%2Fpoap.gallery%2Fstatic%2Fmedia%2Ftest_gitpoap.1b1b1b1b.png&w=48&q=75 48w, /_next/image?url=https%3A%2F%2Fpoap.gallery%2Fstatic%2Fmedia%2Ftest_gitpoap.1b1b1b1b.png&w=64&q=75 64w, /_next/image?url=https%3A%2F%2Fpoap.gallery%2Fstatic%2Fmedia%2Ftest_gitpoap.1b1b1b1b.png&w=96&q=75 96w, /_next/image?url=https%3A%2F%2Fpoap.gallery%2Fstatic%2Fmedia%2Ftest_gitpoap.1b1b1b1b.png&w=128&q=75 128w, /_next/image?url=https%3A%2F%2Fpoap.gallery%2Fstatic%2Fmedia%2Ftest_gitpoap.1b1b1b1b.png&w=256&q=75 256w, /_next/image?url=https%3A%2F%2Fpoap.gallery%2Fstatic%2Fmedia%2Ftest_gitpoap.1b1b1b1b.png&w=384&q=75 384w, /_next/image?url=https%3A%2F%2Fpoap.gallery%2Fstatic%2Fmedia%2Ftest_gitpoap.1b1b1b1b.png&w=640&q=75 640w, /_next/image?url=https%3A%2F%2Fpoap.gallery%2Fstatic%2Fmedia%2Ftest_gitpoap.1b1b1b1b.png&w=750&q=75 750w, /_next/image?url=https%3A%2F%2Fpoap.gallery%2Fstatic%2Fmedia%2Ftest_gitpoap.1b1b1b1b.png&w=828&q=75 828w, /_next/image?url=https%3A%2F%2Fpoap.gallery%2Fstatic%2Fmedia%2Ftest_gitpoap.1b1b1b1b.png&w=1080&q=75 1080w, /_next/image?url=https%3A%2F%2Fpoap.gallery%2Fstatic%2Fmedia%2Ftest_gitpoap.1b1b1b1b.png&w=1200&q=75 1200w, /_next/image?url=https%3A%2F%2Fpoap.gallery%2Fstatic%2Fmedia%2Ftest_gitpoap.1b1b1b1b.png&w=1920&q=75 1920w, /_next/image?url=https%3A%2F%2Fpoap.gallery%2Fstatic%2Fmedia%2Ftest_gitpoap.1b1b1b1b.png&w=2048&q=75 2048w, /_next/image?url=https%3A%2F%2Fpoap.gallery%2Fstatic%2Fmedia%2Ftest_gitpoap.1b1b1b1b.png&w=3840&q=75 3840w"
        style="position: absolute; height: 100%; width: 100%; left: 0px; top: 0px; right: 0px; bottom: 0px; color: transparent;"
      />
    </div>
  </div>
</div>
`;

exports[`GitPOAPBadge size renders correctly for size = md 1`] = `
.c0 {
  -webkit-transition: 150ms background-color ease-in-out,150ms opacity ease-in-out;
  transition: 150ms background-color ease-in-out,150ms opacity ease-in-out;
  -webkit-clip-path: url('#hexagonPath');
  clip-path: url('#hexagonPath');
  overflow: hidden;
  -webkit-transform: translateZ(0);
  -ms-transform: translateZ(0);
  transform: translateZ(0);
}

.c4 {
  --s: 12.5rem;
  position: absolute;
  top: 0.25rem;
  left: 0.25rem;
  width: var(--s);
  height: calc(var(--s) * 1);
  display: inline-block;
  font-size: initial;
  background: #292B3D;
}

.c1 {
  position: relative;
  --s: 13.5rem;
  width: var(--s);
  height: calc(var(--s) * 1);
  background: #E2E2EE;
}

.c1:hover:not([disabled]) {
  cursor: pointer;
  background-color: #5596F6;
}

.c1:hover:not([disabled]) .c3 {
  opacity: 0.7;
}

.c1:active:not([disabled]) {
  background-color: #1761CF;
}

.c1:active:not([disabled]) .c3 {
  opacity: 0.5;
}

.c1[disabled] {
  cursor: not-allowed;
  background-color: #838495;
}

.c1[disabled] .c3:before {
  background: #10111E;
}

.c2 {
  --s: 13rem;
  position: absolute;
  top: 0.25rem;
  left: 0.25rem;
  width: var(--s);
  height: calc(var(--s) * 1);
  background: #10111E;
}

<div
  class="c0 c1"
>
  <div
    class="c0 c2"
  >
    <div
      class="c3 c0 c4"
    >
      <img
        alt="test_gitpoap"
        data-nimg="fill"
        decoding="async"
        loading="lazy"
        sizes="(max-width: 768px) 21.875rem, 21.875rem"
        src="/_next/image?url=https%3A%2F%2Fpoap.gallery%2Fstatic%2Fmedia%2Ftest_gitpoap.1b1b1b1b.png&w=3840&q=75"
        srcset="/_next/image?url=https%3A%2F%2Fpoap.gallery%2Fstatic%2Fmedia%2Ftest_gitpoap.1b1b1b1b.png&w=16&q=75 16w, /_next/image?url=https%3A%2F%2Fpoap.gallery%2Fstatic%2Fmedia%2Ftest_gitpoap.1b1b1b1b.png&w=32&q=75 32w, /_next/image?url=https%3A%2F%2Fpoap.gallery%2Fstatic%2Fmedia%2Ftest_gitpoap.1b1b1b1b.png&w=48&q=75 48w, /_next/image?url=https%3A%2F%2Fpoap.gallery%2Fstatic%2Fmedia%2Ftest_gitpoap.1b1b1b1b.png&w=64&q=75 64w, /_next/image?url=https%3A%2F%2Fpoap.gallery%2Fstatic%2Fmedia%2Ftest_gitpoap.1b1b1b1b.png&w=96&q=75 96w, /_next/image?url=https%3A%2F%2Fpoap.gallery%2Fstatic%2Fmedia%2Ftest_gitpoap.1b1b1b1b.png&w=128&q=75 128w, /_next/image?url=https%3A%2F%2Fpoap.gallery%2Fstatic%2Fmedia%2Ftest_gitpoap.1b1b1b1b.png&w=256&q=75 256w, /_next/image?url=https%3A%2F%2Fpoap.gallery%2Fstatic%2Fmedia%2Ftest_gitpoap.1b1b1b1b.png&w=384&q=75 384w, /_next/image?url=https%3A%2F%2Fpoap.gallery%2Fstatic%2Fmedia%2Ftest_gitpoap.1b1b1b1b.png&w=640&q=75 640w, /_next/image?url=https%3A%2F%2Fpoap.gallery%2Fstatic%2Fmedia%2Ftest_gitpoap.1b1b1b1b.png&w=750&q=75 750w, /_next/image?url=https%3A%2F%2Fpoap.gallery%2Fstatic%2Fmedia%2Ftest_gitpoap.1b1b1b1b.png&w=828&q=75 828w, /_next/image?url=https%3A%2F%2Fpoap.gallery%2Fstatic%2Fmedia%2Ftest_gitpoap.1b1b1b1b.png&w=1080&q=75 1080w, /_next/image?url=https%3A%2F%2Fpoap.gallery%2Fstatic%2Fmedia%2Ftest_gitpoap.1b1b1b1b.png&w=1200&q=75 1200w, /_next/image?url=https%3A%2F%2Fpoap.gallery%2Fstatic%2Fmedia%2Ftest_gitpoap.1b1b1b1b.png&w=1920&q=75 1920w, /_next/image?url=https%3A%2F%2Fpoap.gallery%2Fstatic%2Fmedia%2Ftest_gitpoap.1b1b1b1b.png&w=2048&q=75 2048w, /_next/image?url=https%3A%2F%2Fpoap.gallery%2Fstatic%2Fmedia%2Ftest_gitpoap.1b1b1b1b.png&w=3840&q=75 3840w"
        style="position: absolute; height: 100%; width: 100%; left: 0px; top: 0px; right: 0px; bottom: 0px; color: transparent;"
      />
    </div>
  </div>
</div>
`;

exports[`GitPOAPBadge size renders correctly for size = sm 1`] = `
.c0 {
  -webkit-transition: 150ms background-color ease-in-out,150ms opacity ease-in-out;
  transition: 150ms background-color ease-in-out,150ms opacity ease-in-out;
  -webkit-clip-path: url('#hexagonPath');
  clip-path: url('#hexagonPath');
  overflow: hidden;
  -webkit-transform: translateZ(0);
  -ms-transform: translateZ(0);
  transform: translateZ(0);
}

.c4 {
  --s: 9.375rem;
  position: absolute;
  top: 0.1875rem;
  left: 0.1875rem;
  width: var(--s);
  height: calc(var(--s) * 1);
  display: inline-block;
  font-size: initial;
  background: #292B3D;
}

.c1 {
  position: relative;
  --s: 10.125rem;
  width: var(--s);
  height: calc(var(--s) * 1);
  background: #E2E2EE;
}

.c1:hover:not([disabled]) {
  cursor: pointer;
  background-color: #5596F6;
}

.c1:hover:not([disabled]) .c3 {
  opacity: 0.7;
}

.c1:active:not([disabled]) {
  background-color: #1761CF;
}

.c1:active:not([disabled]) .c3 {
  opacity: 0.5;
}

.c1[disabled] {
  cursor: not-allowed;
  background-color: #838495;
}

.c1[disabled] .c3:before {
  background: #10111E;
}

.c2 {
  --s: 9.75rem;
  position: absolute;
  top: 0.1875rem;
  left: 0.1875rem;
  width: var(--s);
  height: calc(var(--s) * 1);
  background: #10111E;
}

<div
  class="c0 c1"
>
  <div
    class="c0 c2"
  >
    <div
      class="c3 c0 c4"
    >
      <img
        alt="test_gitpoap"
        data-nimg="fill"
        decoding="async"
        loading="lazy"
        sizes="(max-width: 768px) 21.875rem, 21.875rem"
        src="/_next/image?url=https%3A%2F%2Fpoap.gallery%2Fstatic%2Fmedia%2Ftest_gitpoap.1b1b1b1b.png&w=3840&q=75"
        srcset="/_next/image?url=https%3A%2F%2Fpoap.gallery%2Fstatic%2Fmedia%2Ftest_gitpoap.1b1b1b1b.png&w=16&q=75 16w, /_next/image?url=https%3A%2F%2Fpoap.gallery%2Fstatic%2Fmedia%2Ftest_gitpoap.1b1b1b1b.png&w=32&q=75 32w, /_next/image?url=https%3A%2F%2Fpoap.gallery%2Fstatic%2Fmedia%2Ftest_gitpoap.1b1b1b1b.png&w=48&q=75 48w, /_next/image?url=https%3A%2F%2Fpoap.gallery%2Fstatic%2Fmedia%2Ftest_gitpoap.1b1b1b1b.png&w=64&q=75 64w, /_next/image?url=https%3A%2F%2Fpoap.gallery%2Fstatic%2Fmedia%2Ftest_gitpoap.1b1b1b1b.png&w=96&q=75 96w, /_next/image?url=https%3A%2F%2Fpoap.gallery%2Fstatic%2Fmedia%2Ftest_gitpoap.1b1b1b1b.png&w=128&q=75 128w, /_next/image?url=https%3A%2F%2Fpoap.gallery%2Fstatic%2Fmedia%2Ftest_gitpoap.1b1b1b1b.png&w=256&q=75 256w, /_next/image?url=https%3A%2F%2Fpoap.gallery%2Fstatic%2Fmedia%2Ftest_gitpoap.1b1b1b1b.png&w=384&q=75 384w, /_next/image?url=https%3A%2F%2Fpoap.gallery%2Fstatic%2Fmedia%2Ftest_gitpoap.1b1b1b1b.png&w=640&q=75 640w, /_next/image?url=https%3A%2F%2Fpoap.gallery%2Fstatic%2Fmedia%2Ftest_gitpoap.1b1b1b1b.png&w=750&q=75 750w, /_next/image?url=https%3A%2F%2Fpoap.gallery%2Fstatic%2Fmedia%2Ftest_gitpoap.1b1b1b1b.png&w=828&q=75 828w, /_next/image?url=https%3A%2F%2Fpoap.gallery%2Fstatic%2Fmedia%2Ftest_gitpoap.1b1b1b1b.png&w=1080&q=75 1080w, /_next/image?url=https%3A%2F%2Fpoap.gallery%2Fstatic%2Fmedia%2Ftest_gitpoap.1b1b1b1b.png&w=1200&q=75 1200w, /_next/image?url=https%3A%2F%2Fpoap.gallery%2Fstatic%2Fmedia%2Ftest_gitpoap.1b1b1b1b.png&w=1920&q=75 1920w, /_next/image?url=https%3A%2F%2Fpoap.gallery%2Fstatic%2Fmedia%2Ftest_gitpoap.1b1b1b1b.png&w=2048&q=75 2048w, /_next/image?url=https%3A%2F%2Fpoap.gallery%2Fstatic%2Fmedia%2Ftest_gitpoap.1b1b1b1b.png&w=3840&q=75 3840w"
        style="position: absolute; height: 100%; width: 100%; left: 0px; top: 0px; right: 0px; bottom: 0px; color: transparent;"
      />
    </div>
  </div>
</div>
`;

exports[`GitPOAPBadge size renders correctly for size = xs 1`] = `
.c0 {
  -webkit-transition: 150ms background-color ease-in-out,150ms opacity ease-in-out;
  transition: 150ms background-color ease-in-out,150ms opacity ease-in-out;
  -webkit-clip-path: url('#hexagonPath');
  clip-path: url('#hexagonPath');
  overflow: hidden;
  -webkit-transform: translateZ(0);
  -ms-transform: translateZ(0);
  transform: translateZ(0);
}

.c4 {
  --s: 6.25rem;
  position: absolute;
  top: 0.125rem;
  left: 0.125rem;
  width: var(--s);
  height: calc(var(--s) * 1);
  display: inline-block;
  font-size: initial;
  background: #292B3D;
}

.c1 {
  position: relative;
  --s: 6.75rem;
  width: var(--s);
  height: calc(var(--s) * 1);
  background: #E2E2EE;
}

.c1:hover:not([disabled]) {
  cursor: pointer;
  background-color: #5596F6;
}

.c1:hover:not([disabled]) .c3 {
  opacity: 0.7;
}

.c1:active:not([disabled]) {
  background-color: #1761CF;
}

.c1:active:not([disabled]) .c3 {
  opacity: 0.5;
}

.c1[disabled] {
  cursor: not-allowed;
  background-color: #838495;
}

.c1[disabled] .c3:before {
  background: #10111E;
}

.c2 {
  --s: 6.5rem;
  position: absolute;
  top: 0.125rem;
  left: 0.125rem;
  width: var(--s);
  height: calc(var(--s) * 1);
  background: #10111E;
}

<div
  class="c0 c1"
>
  <div
    class="c0 c2"
  >
    <div
      class="c3 c0 c4"
    >
      <img
        alt="test_gitpoap"
        data-nimg="fill"
        decoding="async"
        loading="lazy"
        sizes="(max-width: 768px) 21.875rem, 21.875rem"
        src="/_next/image?url=https%3A%2F%2Fpoap.gallery%2Fstatic%2Fmedia%2Ftest_gitpoap.1b1b1b1b.png&w=3840&q=75"
        srcset="/_next/image?url=https%3A%2F%2Fpoap.gallery%2Fstatic%2Fmedia%2Ftest_gitpoap.1b1b1b1b.png&w=16&q=75 16w, /_next/image?url=https%3A%2F%2Fpoap.gallery%2Fstatic%2Fmedia%2Ftest_gitpoap.1b1b1b1b.png&w=32&q=75 32w, /_next/image?url=https%3A%2F%2Fpoap.gallery%2Fstatic%2Fmedia%2Ftest_gitpoap.1b1b1b1b.png&w=48&q=75 48w, /_next/image?url=https%3A%2F%2Fpoap.gallery%2Fstatic%2Fmedia%2Ftest_gitpoap.1b1b1b1b.png&w=64&q=75 64w, /_next/image?url=https%3A%2F%2Fpoap.gallery%2Fstatic%2Fmedia%2Ftest_gitpoap.1b1b1b1b.png&w=96&q=75 96w, /_next/image?url=https%3A%2F%2Fpoap.gallery%2Fstatic%2Fmedia%2Ftest_gitpoap.1b1b1b1b.png&w=128&q=75 128w, /_next/image?url=https%3A%2F%2Fpoap.gallery%2Fstatic%2Fmedia%2Ftest_gitpoap.1b1b1b1b.png&w=256&q=75 256w, /_next/image?url=https%3A%2F%2Fpoap.gallery%2Fstatic%2Fmedia%2Ftest_gitpoap.1b1b1b1b.png&w=384&q=75 384w, /_next/image?url=https%3A%2F%2Fpoap.gallery%2Fstatic%2Fmedia%2Ftest_gitpoap.1b1b1b1b.png&w=640&q=75 640w, /_next/image?url=https%3A%2F%2Fpoap.gallery%2Fstatic%2Fmedia%2Ftest_gitpoap.1b1b1b1b.png&w=750&q=75 750w, /_next/image?url=https%3A%2F%2Fpoap.gallery%2Fstatic%2Fmedia%2Ftest_gitpoap.1b1b1b1b.png&w=828&q=75 828w, /_next/image?url=https%3A%2F%2Fpoap.gallery%2Fstatic%2Fmedia%2Ftest_gitpoap.1b1b1b1b.png&w=1080&q=75 1080w, /_next/image?url=https%3A%2F%2Fpoap.gallery%2Fstatic%2Fmedia%2Ftest_gitpoap.1b1b1b1b.png&w=1200&q=75 1200w, /_next/image?url=https%3A%2F%2Fpoap.gallery%2Fstatic%2Fmedia%2Ftest_gitpoap.1b1b1b1b.png&w=1920&q=75 1920w, /_next/image?url=https%3A%2F%2Fpoap.gallery%2Fstatic%2Fmedia%2Ftest_gitpoap.1b1b1b1b.png&w=2048&q=75 2048w, /_next/image?url=https%3A%2F%2Fpoap.gallery%2Fstatic%2Fmedia%2Ftest_gitpoap.1b1b1b1b.png&w=3840&q=75 3840w"
        style="position: absolute; height: 100%; width: 100%; left: 0px; top: 0px; right: 0px; bottom: 0px; color: transparent;"
      />
    </div>
  </div>
</div>
`;

exports[`GitPOAPBadge size renders correctly for size = xxs 1`] = `
.c0 {
  -webkit-transition: 150ms background-color ease-in-out,150ms opacity ease-in-out;
  transition: 150ms background-color ease-in-out,150ms opacity ease-in-out;
  -webkit-clip-path: url('#hexagonPath');
  clip-path: url('#hexagonPath');
  overflow: hidden;
  -webkit-transform: translateZ(0);
  -ms-transform: translateZ(0);
  transform: translateZ(0);
}

.c4 {
  --s: 3.125rem;
  position: absolute;
  top: 0.125rem;
  left: 0.125rem;
  width: var(--s);
  height: calc(var(--s) * 1);
  display: inline-block;
  font-size: initial;
  background: #292B3D;
}

.c1 {
  position: relative;
  --s: 3.625rem;
  width: var(--s);
  height: calc(var(--s) * 1);
  background: #E2E2EE;
}

.c1:hover:not([disabled]) {
  cursor: pointer;
  background-color: #5596F6;
}

.c1:hover:not([disabled]) .c3 {
  opacity: 0.7;
}

.c1:active:not([disabled]) {
  background-color: #1761CF;
}

.c1:active:not([disabled]) .c3 {
  opacity: 0.5;
}

.c1[disabled] {
  cursor: not-allowed;
  background-color: #838495;
}

.c1[disabled] .c3:before {
  background: #10111E;
}

.c2 {
  --s: 3.375rem;
  position: absolute;
  top: 0.125rem;
  left: 0.125rem;
  width: var(--s);
  height: calc(var(--s) * 1);
  background: #10111E;
}

<div
  class="c0 c1"
>
  <div
    class="c0 c2"
  >
    <div
      class="c3 c0 c4"
    >
      <img
        alt="test_gitpoap"
        data-nimg="fill"
        decoding="async"
        loading="lazy"
        sizes="(max-width: 768px) 21.875rem, 21.875rem"
        src="/_next/image?url=https%3A%2F%2Fpoap.gallery%2Fstatic%2Fmedia%2Ftest_gitpoap.1b1b1b1b.png&w=3840&q=75"
        srcset="/_next/image?url=https%3A%2F%2Fpoap.gallery%2Fstatic%2Fmedia%2Ftest_gitpoap.1b1b1b1b.png&w=16&q=75 16w, /_next/image?url=https%3A%2F%2Fpoap.gallery%2Fstatic%2Fmedia%2Ftest_gitpoap.1b1b1b1b.png&w=32&q=75 32w, /_next/image?url=https%3A%2F%2Fpoap.gallery%2Fstatic%2Fmedia%2Ftest_gitpoap.1b1b1b1b.png&w=48&q=75 48w, /_next/image?url=https%3A%2F%2Fpoap.gallery%2Fstatic%2Fmedia%2Ftest_gitpoap.1b1b1b1b.png&w=64&q=75 64w, /_next/image?url=https%3A%2F%2Fpoap.gallery%2Fstatic%2Fmedia%2Ftest_gitpoap.1b1b1b1b.png&w=96&q=75 96w, /_next/image?url=https%3A%2F%2Fpoap.gallery%2Fstatic%2Fmedia%2Ftest_gitpoap.1b1b1b1b.png&w=128&q=75 128w, /_next/image?url=https%3A%2F%2Fpoap.gallery%2Fstatic%2Fmedia%2Ftest_gitpoap.1b1b1b1b.png&w=256&q=75 256w, /_next/image?url=https%3A%2F%2Fpoap.gallery%2Fstatic%2Fmedia%2Ftest_gitpoap.1b1b1b1b.png&w=384&q=75 384w, /_next/image?url=https%3A%2F%2Fpoap.gallery%2Fstatic%2Fmedia%2Ftest_gitpoap.1b1b1b1b.png&w=640&q=75 640w, /_next/image?url=https%3A%2F%2Fpoap.gallery%2Fstatic%2Fmedia%2Ftest_gitpoap.1b1b1b1b.png&w=750&q=75 750w, /_next/image?url=https%3A%2F%2Fpoap.gallery%2Fstatic%2Fmedia%2Ftest_gitpoap.1b1b1b1b.png&w=828&q=75 828w, /_next/image?url=https%3A%2F%2Fpoap.gallery%2Fstatic%2Fmedia%2Ftest_gitpoap.1b1b1b1b.png&w=1080&q=75 1080w, /_next/image?url=https%3A%2F%2Fpoap.gallery%2Fstatic%2Fmedia%2Ftest_gitpoap.1b1b1b1b.png&w=1200&q=75 1200w, /_next/image?url=https%3A%2F%2Fpoap.gallery%2Fstatic%2Fmedia%2Ftest_gitpoap.1b1b1b1b.png&w=1920&q=75 1920w, /_next/image?url=https%3A%2F%2Fpoap.gallery%2Fstatic%2Fmedia%2Ftest_gitpoap.1b1b1b1b.png&w=2048&q=75 2048w, /_next/image?url=https%3A%2F%2Fpoap.gallery%2Fstatic%2Fmedia%2Ftest_gitpoap.1b1b1b1b.png&w=3840&q=75 3840w"
        style="position: absolute; height: 100%; width: 100%; left: 0px; top: 0px; right: 0px; bottom: 0px; color: transparent;"
      />
    </div>
  </div>
</div>
`;

exports[`GitPOAPBadge size renders correctly for size = xxxs 1`] = `
.c0 {
  -webkit-transition: 150ms background-color ease-in-out,150ms opacity ease-in-out;
  transition: 150ms background-color ease-in-out,150ms opacity ease-in-out;
  -webkit-clip-path: url('#hexagonPath');
  clip-path: url('#hexagonPath');
  overflow: hidden;
  -webkit-transform: translateZ(0);
  -ms-transform: translateZ(0);
  transform: translateZ(0);
}

.c4 {
  --s: 1.875rem;
  position: absolute;
  top: 0.125rem;
  left: 0.125rem;
  width: var(--s);
  height: calc(var(--s) * 1);
  display: inline-block;
  font-size: initial;
  background: #292B3D;
}

.c1 {
  position: relative;
  --s: 2.375rem;
  width: var(--s);
  height: calc(var(--s) * 1);
  background: #E2E2EE;
}

.c1:hover:not([disabled]) {
  cursor: pointer;
  background-color: #5596F6;
}

.c1:hover:not([disabled]) .c3 {
  opacity: 0.7;
}

.c1:active:not([disabled]) {
  background-color: #1761CF;
}

.c1:active:not([disabled]) .c3 {
  opacity: 0.5;
}

.c1[disabled] {
  cursor: not-allowed;
  background-color: #838495;
}

.c1[disabled] .c3:before {
  background: #10111E;
}

.c2 {
  --s: 2.125rem;
  position: absolute;
  top: 0.125rem;
  left: 0.125rem;
  width: var(--s);
  height: calc(var(--s) * 1);
  background: #10111E;
}

<div
  class="c0 c1"
>
  <div
    class="c0 c2"
  >
    <div
      class="c3 c0 c4"
    >
      <img
        alt="test_gitpoap"
        data-nimg="fill"
        decoding="async"
        loading="lazy"
        sizes="(max-width: 768px) 21.875rem, 21.875rem"
        src="/_next/image?url=https%3A%2F%2Fpoap.gallery%2Fstatic%2Fmedia%2Ftest_gitpoap.1b1b1b1b.png&w=3840&q=75"
        srcset="/_next/image?url=https%3A%2F%2Fpoap.gallery%2Fstatic%2Fmedia%2Ftest_gitpoap.1b1b1b1b.png&w=16&q=75 16w, /_next/image?url=https%3A%2F%2Fpoap.gallery%2Fstatic%2Fmedia%2Ftest_gitpoap.1b1b1b1b.png&w=32&q=75 32w, /_next/image?url=https%3A%2F%2Fpoap.gallery%2Fstatic%2Fmedia%2Ftest_gitpoap.1b1b1b1b.png&w=48&q=75 48w, /_next/image?url=https%3A%2F%2Fpoap.gallery%2Fstatic%2Fmedia%2Ftest_gitpoap.1b1b1b1b.png&w=64&q=75 64w, /_next/image?url=https%3A%2F%2Fpoap.gallery%2Fstatic%2Fmedia%2Ftest_gitpoap.1b1b1b1b.png&w=96&q=75 96w, /_next/image?url=https%3A%2F%2Fpoap.gallery%2Fstatic%2Fmedia%2Ftest_gitpoap.1b1b1b1b.png&w=128&q=75 128w, /_next/image?url=https%3A%2F%2Fpoap.gallery%2Fstatic%2Fmedia%2Ftest_gitpoap.1b1b1b1b.png&w=256&q=75 256w, /_next/image?url=https%3A%2F%2Fpoap.gallery%2Fstatic%2Fmedia%2Ftest_gitpoap.1b1b1b1b.png&w=384&q=75 384w, /_next/image?url=https%3A%2F%2Fpoap.gallery%2Fstatic%2Fmedia%2Ftest_gitpoap.1b1b1b1b.png&w=640&q=75 640w, /_next/image?url=https%3A%2F%2Fpoap.gallery%2Fstatic%2Fmedia%2Ftest_gitpoap.1b1b1b1b.png&w=750&q=75 750w, /_next/image?url=https%3A%2F%2Fpoap.gallery%2Fstatic%2Fmedia%2Ftest_gitpoap.1b1b1b1b.png&w=828&q=75 828w, /_next/image?url=https%3A%2F%2Fpoap.gallery%2Fstatic%2Fmedia%2Ftest_gitpoap.1b1b1b1b.png&w=1080&q=75 1080w, /_next/image?url=https%3A%2F%2Fpoap.gallery%2Fstatic%2Fmedia%2Ftest_gitpoap.1b1b1b1b.png&w=1200&q=75 1200w, /_next/image?url=https%3A%2F%2Fpoap.gallery%2Fstatic%2Fmedia%2Ftest_gitpoap.1b1b1b1b.png&w=1920&q=75 1920w, /_next/image?url=https%3A%2F%2Fpoap.gallery%2Fstatic%2Fmedia%2Ftest_gitpoap.1b1b1b1b.png&w=2048&q=75 2048w, /_next/image?url=https%3A%2F%2Fpoap.gallery%2Fstatic%2Fmedia%2Ftest_gitpoap.1b1b1b1b.png&w=3840&q=75 3840w"
        style="position: absolute; height: 100%; width: 100%; left: 0px; top: 0px; right: 0px; bottom: 0px; color: transparent;"
      />
    </div>
  </div>
</div>
`;
