// Jest Snapshot v1, https://goo.gl/fbAQLP

exports[`HexagonPath renders an HexagonPath 1`] = `
<svg
  height="0"
  style="position: absolute;"
  width="0"
  xmlns="http://www.w3.org/2000/svg"
>
  <clippath
    clipPathUnits="objectBoundingBox"
    id="hexagonPath"
  >
    <path
      d="M 0.5 1 C 0.4869 1 0.4738 0.9966 0.4621 0.9899 L 0.0947 0.7777 C 0.0713 0.7642 0.0568 0.7391 0.0568 0.7121 v -0.4242 C 0.0568 0.2609 0.0713 0.2358 0.0947 0.2223 L 0.4621 0.0101 C 0.4855 -0.0034 0.5145 -0.0034 0.5379 0.0101 L 0.9053 0.2222 C 0.9287 0.2357 0.9432 0.2608 0.9432 0.2878 V 0.7121 C 0.9432 0.7391 0.9287 0.7642 0.9053 0.7777 L 0.5379 0.9899 C 0.5262 0.9966 0.5131 1 0.5 1 Z"
    />
  </clippath>
</svg>
`;
