// Jest Snapshot v1, https://goo.gl/fbAQLP

exports[`IconCount renders an IconCount 1`] = `
.emotion-1 {
  box-sizing: border-box;
  display: -webkit-box;
  display: -webkit-flex;
  display: -ms-flexbox;
  display: flex;
  -webkit-flex-direction: row;
  -ms-flex-direction: row;
  flex-direction: row;
  -webkit-align-items: center;
  -webkit-box-align: center;
  -ms-flex-align: center;
  align-items: center;
  -webkit-box-flex-wrap: wrap;
  -webkit-flex-wrap: wrap;
  -ms-flex-wrap: wrap;
  flex-wrap: wrap;
  -webkit-box-pack: center;
  -ms-flex-pack: center;
  -webkit-justify-content: center;
  justify-content: center;
  gap: 0;
  display: -webkit-inline-box;
  display: -webkit-inline-flex;
  display: -ms-inline-flexbox;
  display: inline-flex;
}

.emotion-1>* {
  box-sizing: border-box;
  -webkit-box-flex: 0;
  -webkit-flex-grow: 0;
  -ms-flex-positive: 0;
  flex-grow: 0;
}

.emotion-1 path {
  -webkit-transition: 200ms fill ease;
  transition: 200ms fill ease;
  fill: #838495;
}

.emotion-3 {
  font-family: PT Mono,monospace;
  -webkit-tap-highlight-color: transparent;
  color: inherit;
  font-size: 14px;
  line-height: 1.55;
  -webkit-text-decoration: none;
  text-decoration: none;
  font-weight: bold;
  text-transform: uppercase;
  color: #E2E2EE;
  letter-spacing: 0.0125rem;
  line-height: 1.25rem;
  -webkit-transition: 150ms color ease;
  transition: 150ms color ease;
  margin-left: 0.375rem;
}

.emotion-3:focus {
  outline-offset: 2px;
  outline: 2px solid #1c7ed6;
}

.emotion-3:focus:not(:focus-visible) {
  outline: none;
}

<div
  class="emotion-0 emotion-1"
>
  <svg
    fill="currentColor"
    height="1em"
    stroke="currentColor"
    stroke-width="0"
    viewBox="0 0 352 512"
    width="1em"
    xmlns="http://www.w3.org/2000/svg"
  >
    <path
      d="M242.72 256l100.07-100.07c12.28-12.28 12.28-32.19 0-44.48l-22.24-22.24c-12.28-12.28-32.19-12.28-44.48 0L176 189.28 75.93 89.21c-12.28-12.28-32.19-12.28-44.48 0L9.21 111.45c-12.28 12.28-12.28 32.19 0 44.48L109.28 256 9.21 356.07c-12.28 12.28-12.28 32.19 0 44.48l22.24 22.24c12.28 12.28 32.2 12.28 44.48 0L176 322.72l100.07 100.07c12.28 12.28 32.2 12.28 44.48 0l22.24-22.24c12.28-12.28 12.28-32.19 0-44.48L242.72 256z"
    />
  </svg>
  <span
    class="emotion-2 emotion-3"
  >
    10
  </span>
</div>
`;
