// Jest Snapshot v1, https://goo.gl/fbAQLP

exports[`Select renders a Select 1`] = `
.c0 {
  display: -webkit-inline-box;
  display: -webkit-inline-flex;
  display: -ms-inline-flexbox;
  display: inline-flex;
}

.c0 .mantine-Select-rightSection {
  pointer-events: none;
}

.c0 .mantine-Select-rightSection > svg > path {
  -webkit-transition: 150ms fill ease;
  transition: 150ms fill ease;
}

.c0 .mantine-Select-wrapper .mantine-Select-input {
  background: transparent;
  border: 0.125rem solid #838495;
  box-sizing: border-box;
  border-radius: 0.375rem;
  font-family: PT Mono;
  font-style: normal;
  font-weight: bold;
  font-size: 0.75rem;
  line-height: 1.125rem;
  -webkit-letter-spacing: 0.125rem;
  -moz-letter-spacing: 0.125rem;
  -ms-letter-spacing: 0.125rem;
  letter-spacing: 0.125rem;
  text-transform: uppercase;
  color: #E2E2EE;
  -webkit-transition: 150ms border ease,150ms color ease;
  transition: 150ms border ease,150ms color ease;
  padding-right: 0.75rem;
}

.c0 .mantine-Select-wrapper:hover:not(:disabled):not(:focus-within) .mantine-Select-input:not(:disabled):not(:focus-within) {
  border: 0.125rem solid #5596F6;
  color: #5596F6;
}

.c0 .mantine-Select-wrapper:hover:not(:disabled):not(:focus-within) .mantine-Select-rightSection > svg > path {
  fill: #5596F6;
}

.c0 .mantine-Select-wrapper:focus-within:not(:disabled) .mantine-Select-input {
  border: 0.125rem solid #E2E2EE !important;
  color: #E2E2EE;
}

<div
  class="mantine-InputWrapper-root mantine-Select-root c0 mantine-1m3pqry"
>
  <div
    aria-controls="mantine-r0"
    aria-expanded="false"
    aria-haspopup="listbox"
    class=""
    role="combobox"
    tabindex="-1"
  >
    <input
      type="hidden"
      value="total"
    />
    <div
      class="mantine-Input-wrapper mantine-Select-wrapper mantine-12sbrde"
    >
      <input
        aria-autocomplete="list"
        aria-invalid="false"
        autocomplete="off"
        class="mantine-Input-input mantine-Select-input mantine-yxgw82"
        data-mantine-stop-propagation="false"
        id="mantine-r0"
        readonly=""
        type="search"
        value="Total Poaps"
      />
      <div
        class="mantine-1n9cu5e mantine-Input-rightSection mantine-Select-rightSection"
      >
        <svg
          fill="none"
          height="4"
          viewBox="0 0 7 4"
          width="7"
          xmlns="http://www.w3.org/2000/svg"
        >
          <path
            d="M3.464 4l3.464-4H0l3.464 4z"
            fill="#E2E2EE"
          />
        </svg>
      </div>
    </div>
  </div>
</div>
`;
