// Jest Snapshot v1, https://goo.gl/fbAQLP

exports[`Share renders a Share 1`] = `
.c0 {
  display: -webkit-inline-box;
  display: -webkit-inline-flex;
  display: -ms-inline-flexbox;
  display: inline-flex;
  -webkit-flex-direction: row;
  -ms-flex-direction: row;
  flex-direction: row;
  -webkit-box-pack: center;
  -webkit-justify-content: center;
  -ms-flex-pack: center;
  justify-content: center;
  -webkit-align-items: center;
  -webkit-box-align: center;
  -ms-flex-align: center;
  align-items: center;
}

.c1 {
  font-size: 0.75rem;
  font-weight: 700;
  -webkit-letter-spacing: 0.125rem;
  -moz-letter-spacing: 0.125rem;
  -ms-letter-spacing: 0.125rem;
  letter-spacing: 0.125rem;
  text-transform: uppercase;
  color: #838495;
  -webkit-transition: 150ms color ease;
  transition: 150ms color ease;
  -webkit-transition: 150ms color ease;
  transition: 150ms color ease;
  cursor: pointer;
}

.c1 > * {
  color: #838495;
  -webkit-transition: 150ms color ease;
  transition: 150ms color ease;
}

.c1 > * {
  -webkit-transition: 150ms color ease;
  transition: 150ms color ease;
}

.c1:hover:not([disabled]) {
  color: #5596F6;
}

.c1:hover:not([disabled]) > * {
  color: #5596F6;
}

.c1:active:not([disabled]) {
  color: #1761CF;
}

.c1:active:not([disabled]) > * {
  color: #1761CF;
}

.c1[disabled] {
  color: #393A51;
}

.c1[disabled] > * {
  color: #393A51;
}

.c2 {
  margin-left: 0.3125rem;
}

<div
  class="c0"
>
  <div
    class="c1 emotion-0"
  >
    Share
    <svg
      class="c2"
      fill="none"
      height="1em"
      stroke="currentColor"
      stroke-linecap="round"
      stroke-linejoin="round"
      stroke-width="2"
      viewBox="0 0 24 24"
      width="1em"
      xmlns="http://www.w3.org/2000/svg"
    >
      <path
        d="M4 12v8a2 2 0 0 0 2 2h12a2 2 0 0 0 2-2v-8"
      />
      <polyline
        points="16 6 12 2 8 6"
      />
      <line
        x1="12"
        x2="12"
        y1="2"
        y2="15"
      />
    </svg>
  </div>
</div>
`;
